Component: ARM Compiler 5.05 update 1 (build 106) Tool: armlink [4d0efa]

==============================================================================

Section Cross References

    main.o(.text) refers to sys.o(.text) for NVIC_Configuration
    main.o(.text) refers to delay.o(.text) for delay_init
    main.o(.text) refers to led.o(.text) for LED_Init
    main.o(.text) refers to usart.o(.text) for uart_init
    main.o(.text) refers to oled.o(.text) for OLED_Init
    main.o(.text) refers to adc.o(.text) for Adc_Init
    main.o(.text) refers to dfltui.o(.text) for __aeabi_ui2d
    main.o(.text) refers to ffltui.o(.text) for __aeabi_ui2f
    main.o(.text) refers to f2d.o(.text) for __aeabi_f2d
    main.o(.text) refers to dmul.o(.text) for __aeabi_dmul
    main.o(.text) refers to d2f.o(.text) for __aeabi_d2f
    system_stm32f10x.o(.text) refers to system_stm32f10x.o(.data) for SystemCoreClock
    led.o(.text) refers to stm32f10x_rcc.o(.text) for RCC_APB2PeriphClockCmd
    led.o(.text) refers to stm32f10x_gpio.o(.text) for GPIO_Init
    oled.o(.text) refers to stm32f10x_gpio.o(.text) for GPIO_SetBits
    oled.o(.text) refers to oled.o(.constdata) for F8X16
    oled.o(.text) refers to cdcmple.o(.text) for __aeabi_cdcmple
    oled.o(.text) refers to dfixi.o(.text) for __aeabi_d2iz
    oled.o(.text) refers to dflti.o(.text) for __aeabi_i2d
    oled.o(.text) refers to dadd.o(.text) for __aeabi_drsub
    oled.o(.text) refers to dmul.o(.text) for __aeabi_dmul
    oled.o(.text) refers to dfixui.o(.text) for __aeabi_d2uiz
    oled.o(.text) refers to dfltui.o(.text) for __aeabi_ui2d
    oled.o(.text) refers to stm32f10x_rcc.o(.text) for RCC_APB2PeriphClockCmd
    oled.o(.text) refers to oled.o(.data) for LOGO
    adc.o(.text) refers to stm32f10x_rcc.o(.text) for RCC_APB2PeriphClockCmd
    adc.o(.text) refers to stm32f10x_gpio.o(.text) for GPIO_Init
    adc.o(.text) refers to stm32f10x_adc.o(.text) for ADC_DeInit
    adc.o(.text) refers to delay.o(.text) for delay_ms
    delay.o(.text) refers to misc.o(.text) for SysTick_CLKSourceConfig
    delay.o(.text) refers to system_stm32f10x.o(.data) for SystemCoreClock
    delay.o(.text) refers to delay.o(.data) for fac_us
    sys.o(.text) refers to misc.o(.text) for NVIC_PriorityGroupConfig
    usart.o(.text) refers to stm32f10x_rcc.o(.text) for RCC_APB2PeriphClockCmd
    usart.o(.text) refers to stm32f10x_usart.o(.text) for USART_DeInit
    usart.o(.text) refers to stm32f10x_gpio.o(.text) for GPIO_Init
    usart.o(.text) refers to misc.o(.text) for NVIC_Init
    usart.o(.text) refers to usart.o(.data) for USART_RX_STA
    usart.o(.text) refers to usart.o(.bss) for USART_RX_BUF
    startup_stm32f10x_md.o(RESET) refers to startup_stm32f10x_md.o(STACK) for __initial_sp
    startup_stm32f10x_md.o(RESET) refers to startup_stm32f10x_md.o(.text) for Reset_Handler
    startup_stm32f10x_md.o(RESET) refers to stm32f10x_it.o(.text) for NMI_Handler
    startup_stm32f10x_md.o(RESET) refers to usart.o(.text) for USART1_IRQHandler
    startup_stm32f10x_md.o(.text) refers to system_stm32f10x.o(.text) for SystemInit
    startup_stm32f10x_md.o(.text) refers to entry.o(.ARM.Collect$$$$00000000) for __main
    stm32f10x_gpio.o(.text) refers to stm32f10x_rcc.o(.text) for RCC_APB2PeriphResetCmd
    stm32f10x_rcc.o(.text) refers to stm32f10x_rcc.o(.data) for APBAHBPrescTable
    stm32f10x_usart.o(.text) refers to stm32f10x_rcc.o(.text) for RCC_APB2PeriphResetCmd
    stm32f10x_tim.o(.text) refers to stm32f10x_rcc.o(.text) for RCC_APB2PeriphResetCmd
    stm32f10x_adc.o(.text) refers to stm32f10x_rcc.o(.text) for RCC_APB2PeriphResetCmd
    entry.o(.ARM.Collect$$$$00000000) refers (Special) to entry10a.o(.ARM.Collect$$$$0000000D) for __rt_final_cpp
    entry.o(.ARM.Collect$$$$00000000) refers (Special) to entry11a.o(.ARM.Collect$$$$0000000F) for __rt_final_exit
    entry.o(.ARM.Collect$$$$00000000) refers (Special) to entry7b.o(.ARM.Collect$$$$00000008) for _main_clock
    entry.o(.ARM.Collect$$$$00000000) refers (Special) to entry8b.o(.ARM.Collect$$$$0000000A) for _main_cpp_init
    entry.o(.ARM.Collect$$$$00000000) refers (Special) to entry9a.o(.ARM.Collect$$$$0000000B) for _main_init
    entry.o(.ARM.Collect$$$$00000000) refers (Special) to entry5.o(.ARM.Collect$$$$00000004) for _main_scatterload
    entry.o(.ARM.Collect$$$$00000000) refers (Special) to entry2.o(.ARM.Collect$$$$00000001) for _main_stk
    dadd.o(.text) refers (Special) to iusefp.o(.text) for __I$use$fp
    dadd.o(.text) refers to llshl.o(.text) for __aeabi_llsl
    dadd.o(.text) refers to llsshr.o(.text) for __aeabi_lasr
    dadd.o(.text) refers to depilogue.o(.text) for _double_epilogue
    dmul.o(.text) refers (Special) to iusefp.o(.text) for __I$use$fp
    dmul.o(.text) refers to depilogue.o(.text) for _double_epilogue
    ffltui.o(.text) refers (Special) to iusefp.o(.text) for __I$use$fp
    ffltui.o(.text) refers to fepilogue.o(.text) for _float_epilogue
    dflti.o(.text) refers (Special) to iusefp.o(.text) for __I$use$fp
    dflti.o(.text) refers to depilogue.o(.text) for _double_epilogue
    dfltui.o(.text) refers (Special) to iusefp.o(.text) for __I$use$fp
    dfltui.o(.text) refers to depilogue.o(.text) for _double_epilogue
    dfixi.o(.text) refers (Special) to iusefp.o(.text) for __I$use$fp
    dfixi.o(.text) refers to llushr.o(.text) for __aeabi_llsr
    dfixui.o(.text) refers (Special) to iusefp.o(.text) for __I$use$fp
    dfixui.o(.text) refers to llushr.o(.text) for __aeabi_llsr
    f2d.o(.text) refers (Special) to iusefp.o(.text) for __I$use$fp
    cdcmple.o(.text) refers (Special) to iusefp.o(.text) for __I$use$fp
    d2f.o(.text) refers (Special) to iusefp.o(.text) for __I$use$fp
    d2f.o(.text) refers to fepilogue.o(.text) for _float_round
    entry2.o(.ARM.Collect$$$$00000001) refers to entry2.o(.ARM.Collect$$$$00002712) for __lit__00000000
    entry2.o(.ARM.Collect$$$$00002712) refers to startup_stm32f10x_md.o(STACK) for __initial_sp
    entry2.o(__vectab_stack_and_reset_area) refers to startup_stm32f10x_md.o(STACK) for __initial_sp
    entry2.o(__vectab_stack_and_reset_area) refers to entry.o(.ARM.Collect$$$$00000000) for __main
    entry5.o(.ARM.Collect$$$$00000004) refers to init.o(.text) for __scatterload
    entry9a.o(.ARM.Collect$$$$0000000B) refers to main.o(.text) for main
    entry9b.o(.ARM.Collect$$$$0000000C) refers to main.o(.text) for main
    depilogue.o(.text) refers to llshl.o(.text) for __aeabi_llsl
    depilogue.o(.text) refers to llushr.o(.text) for __aeabi_llsr
    init.o(.text) refers to entry5.o(.ARM.Collect$$$$00000004) for __main_after_scatterload


==============================================================================

Removing Unused input sections from the image.

    Removing main.o(.data), (17408 bytes).
    Removing core_cm3.o(.emb_text), (32 bytes).
    Removing startup_stm32f10x_md.o(HEAP), (512 bytes).
    Removing stm32f10x_tim.o(.text), (3610 bytes).

4 unused section(s) (total 21562 bytes) removed from the image.

==============================================================================

Image Symbol Table

    Local Symbols

    Symbol Name                              Value     Ov Type        Size  Object(Section)

    ../clib/../cmprslib/zerorunl2.c          0x00000000   Number         0  __dczerorl2.o ABSOLUTE
    ../clib/microlib/init/entry.s            0x00000000   Number         0  entry8a.o ABSOLUTE
    ../clib/microlib/init/entry.s            0x00000000   Number         0  entry8b.o ABSOLUTE
    ../clib/microlib/init/entry.s            0x00000000   Number         0  entry9a.o ABSOLUTE
    ../clib/microlib/init/entry.s            0x00000000   Number         0  entry9b.o ABSOLUTE
    ../clib/microlib/init/entry.s            0x00000000   Number         0  entry10a.o ABSOLUTE
    ../clib/microlib/init/entry.s            0x00000000   Number         0  entry10b.o ABSOLUTE
    ../clib/microlib/init/entry.s            0x00000000   Number         0  entry11a.o ABSOLUTE
    ../clib/microlib/init/entry.s            0x00000000   Number         0  entry11b.o ABSOLUTE
    ../clib/microlib/init/entry.s            0x00000000   Number         0  entry7b.o ABSOLUTE
    ../clib/microlib/init/entry.s            0x00000000   Number         0  entry.o ABSOLUTE
    ../clib/microlib/init/entry.s            0x00000000   Number         0  entry7a.o ABSOLUTE
    ../clib/microlib/init/entry.s            0x00000000   Number         0  entry5.o ABSOLUTE
    ../clib/microlib/init/entry.s            0x00000000   Number         0  entry2.o ABSOLUTE
    ../clib/microlib/longlong.c              0x00000000   Number         0  llsshr.o ABSOLUTE
    ../clib/microlib/longlong.c              0x00000000   Number         0  llushr.o ABSOLUTE
    ../clib/microlib/longlong.c              0x00000000   Number         0  llshl.o ABSOLUTE
    ../clib/microlib/stubs.s                 0x00000000   Number         0  useno.o ABSOLUTE
    ../clib/microlib/stubs.s                 0x00000000   Number         0  iusefp.o ABSOLUTE
    ../fplib/microlib/d2f.c                  0x00000000   Number         0  d2f.o ABSOLUTE
    ../fplib/microlib/f2d.c                  0x00000000   Number         0  f2d.o ABSOLUTE
    ../fplib/microlib/fpadd.c                0x00000000   Number         0  dadd.o ABSOLUTE
    ../fplib/microlib/fpepilogue.c           0x00000000   Number         0  depilogue.o ABSOLUTE
    ../fplib/microlib/fpepilogue.c           0x00000000   Number         0  fepilogue.o ABSOLUTE
    ../fplib/microlib/fpfix.c                0x00000000   Number         0  dfixi.o ABSOLUTE
    ../fplib/microlib/fpfix.c                0x00000000   Number         0  dfixui.o ABSOLUTE
    ../fplib/microlib/fpflt.c                0x00000000   Number         0  dfltui.o ABSOLUTE
    ../fplib/microlib/fpflt.c                0x00000000   Number         0  dflti.o ABSOLUTE
    ../fplib/microlib/fpflt.c                0x00000000   Number         0  ffltui.o ABSOLUTE
    ../fplib/microlib/fpmul.c                0x00000000   Number         0  dmul.o ABSOLUTE
    ..\CORE\core_cm3.c                       0x00000000   Number         0  core_cm3.o ABSOLUTE
    ..\CORE\startup_stm32f10x_md.s           0x00000000   Number         0  startup_stm32f10x_md.o ABSOLUTE
    ..\HARDWARE\ADC\adc.c                    0x00000000   Number         0  adc.o ABSOLUTE
    ..\HARDWARE\LED\LED.c                    0x00000000   Number         0  led.o ABSOLUTE
    ..\HARDWARE\OLED\oled.c                  0x00000000   Number         0  oled.o ABSOLUTE
    ..\STM32F10x_FWLib\src\misc.c            0x00000000   Number         0  misc.o ABSOLUTE
    ..\STM32F10x_FWLib\src\stm32f10x_adc.c   0x00000000   Number         0  stm32f10x_adc.o ABSOLUTE
    ..\STM32F10x_FWLib\src\stm32f10x_gpio.c  0x00000000   Number         0  stm32f10x_gpio.o ABSOLUTE
    ..\STM32F10x_FWLib\src\stm32f10x_rcc.c   0x00000000   Number         0  stm32f10x_rcc.o ABSOLUTE
    ..\STM32F10x_FWLib\src\stm32f10x_tim.c   0x00000000   Number         0  stm32f10x_tim.o ABSOLUTE
    ..\STM32F10x_FWLib\src\stm32f10x_usart.c 0x00000000   Number         0  stm32f10x_usart.o ABSOLUTE
    ..\SYSTEM\delay\delay.c                  0x00000000   Number         0  delay.o ABSOLUTE
    ..\SYSTEM\sys\sys.c                      0x00000000   Number         0  sys.o ABSOLUTE
    ..\SYSTEM\usart\usart.c                  0x00000000   Number         0  usart.o ABSOLUTE
    ..\\CORE\\core_cm3.c                     0x00000000   Number         0  core_cm3.o ABSOLUTE
    cdcmple.s                                0x00000000   Number         0  cdcmple.o ABSOLUTE
    dc.s                                     0x00000000   Number         0  dc.o ABSOLUTE
    handlers.s                               0x00000000   Number         0  handlers.o ABSOLUTE
    init.s                                   0x00000000   Number         0  init.o ABSOLUTE
    main.c                                   0x00000000   Number         0  main.o ABSOLUTE
    stm32f10x_it.c                           0x00000000   Number         0  stm32f10x_it.o ABSOLUTE
    system_stm32f10x.c                       0x00000000   Number         0  system_stm32f10x.o ABSOLUTE
    RESET                                    0x08000000   Section      236  startup_stm32f10x_md.o(RESET)
    .ARM.Collect$$$$00000000                 0x080000ec   Section        0  entry.o(.ARM.Collect$$$$00000000)
    .ARM.Collect$$$$00000001                 0x080000ec   Section        4  entry2.o(.ARM.Collect$$$$00000001)
    .ARM.Collect$$$$00000004                 0x080000f0   Section        4  entry5.o(.ARM.Collect$$$$00000004)
    .ARM.Collect$$$$00000008                 0x080000f4   Section        0  entry7b.o(.ARM.Collect$$$$00000008)
    .ARM.Collect$$$$0000000A                 0x080000f4   Section        0  entry8b.o(.ARM.Collect$$$$0000000A)
    .ARM.Collect$$$$0000000B                 0x080000f4   Section        8  entry9a.o(.ARM.Collect$$$$0000000B)
    .ARM.Collect$$$$0000000D                 0x080000fc   Section        0  entry10a.o(.ARM.Collect$$$$0000000D)
    .ARM.Collect$$$$0000000F                 0x080000fc   Section        0  entry11a.o(.ARM.Collect$$$$0000000F)
    .ARM.Collect$$$$00002712                 0x080000fc   Section        4  entry2.o(.ARM.Collect$$$$00002712)
    __lit__00000000                          0x080000fc   Data           4  entry2.o(.ARM.Collect$$$$00002712)
    .text                                    0x08000100   Section        0  main.o(.text)
    .text                                    0x080001cc   Section        0  stm32f10x_it.o(.text)
    .text                                    0x080001e8   Section        0  system_stm32f10x.o(.text)
    SetSysClockTo72                          0x080001e9   Thumb Code   214  system_stm32f10x.o(.text)
    SetSysClock                              0x080002bf   Thumb Code     8  system_stm32f10x.o(.text)
    .text                                    0x080003c8   Section        0  led.o(.text)
    .text                                    0x0800041c   Section        0  oled.o(.text)
    .text                                    0x08001184   Section        0  adc.o(.text)
    .text                                    0x0800126c   Section        0  delay.o(.text)
    .text                                    0x08001340   Section        0  sys.o(.text)
    .text                                    0x0800134c   Section        0  usart.o(.text)
    .text                                    0x08001494   Section       36  startup_stm32f10x_md.o(.text)
    .text                                    0x080014b8   Section        0  stm32f10x_gpio.o(.text)
    .text                                    0x08001814   Section        0  stm32f10x_rcc.o(.text)
    .text                                    0x08001bb8   Section        0  stm32f10x_usart.o(.text)
    .text                                    0x08001fc0   Section        0  misc.o(.text)
    .text                                    0x0800209c   Section        0  stm32f10x_adc.o(.text)
    .text                                    0x080024ea   Section        0  dadd.o(.text)
    .text                                    0x08002638   Section        0  dmul.o(.text)
    .text                                    0x0800271c   Section        0  ffltui.o(.text)
    .text                                    0x08002726   Section        0  dflti.o(.text)
    .text                                    0x08002748   Section        0  dfltui.o(.text)
    .text                                    0x08002762   Section        0  dfixi.o(.text)
    .text                                    0x080027a0   Section        0  dfixui.o(.text)
    .text                                    0x080027d2   Section        0  f2d.o(.text)
    .text                                    0x080027f8   Section       48  cdcmple.o(.text)
    .text                                    0x08002828   Section        0  d2f.o(.text)
    .text                                    0x08002860   Section        0  llshl.o(.text)
    .text                                    0x0800287e   Section        0  llushr.o(.text)
    .text                                    0x0800289e   Section        0  llsshr.o(.text)
    .text                                    0x080028c2   Section        0  iusefp.o(.text)
    .text                                    0x080028c2   Section        0  fepilogue.o(.text)
    .text                                    0x08002930   Section        0  depilogue.o(.text)
    .text                                    0x080029ec   Section       36  init.o(.text)
    .text                                    0x08002a10   Section        0  __dczerorl2.o(.text)
    i.__scatterload_copy                     0x08002a66   Section       14  handlers.o(i.__scatterload_copy)
    i.__scatterload_null                     0x08002a74   Section        2  handlers.o(i.__scatterload_null)
    i.__scatterload_zeroinit                 0x08002a76   Section       14  handlers.o(i.__scatterload_zeroinit)
    .constdata                               0x08002a84   Section     2072  oled.o(.constdata)
    .data                                    0x20000000   Section       20  system_stm32f10x.o(.data)
    .data                                    0x20000014   Section     1424  oled.o(.data)
    .data                                    0x200005a4   Section        4  delay.o(.data)
    fac_us                                   0x200005a4   Data           1  delay.o(.data)
    fac_ms                                   0x200005a6   Data           2  delay.o(.data)
    .data                                    0x200005a8   Section        6  usart.o(.data)
    .data                                    0x200005ae   Section       20  stm32f10x_rcc.o(.data)
    APBAHBPrescTable                         0x200005ae   Data          16  stm32f10x_rcc.o(.data)
    ADCPrescTable                            0x200005be   Data           4  stm32f10x_rcc.o(.data)
    .bss                                     0x200005c4   Section      200  usart.o(.bss)
    STACK                                    0x20000690   Section     1024  startup_stm32f10x_md.o(STACK)

    Global Symbols

    Symbol Name                              Value     Ov Type        Size  Object(Section)

    BuildAttributes$$THM_ISAv4$P$D$K$B$S$PE$A:L22UL41UL21$X:L11$S22US41US21$IEEE1$IW$USESV6$~STKCKD$USESV7$~SHL$OTIME$ROPI$EBA8$MICROLIB$REQ8$PRES8$EABIv2 0x00000000   Number         0  anon$$obj.o ABSOLUTE
    __ARM_use_no_argv                        0x00000000   Number         0  main.o ABSOLUTE
    __use_no_errno                           0x00000000   Number         0  useno.o ABSOLUTE
    __use_no_exception_handling              0x00000000   Number         0  useno.o ABSOLUTE
    __use_no_fp                              0x00000000   Number         0  useno.o ABSOLUTE
    __use_no_heap                            0x00000000   Number         0  useno.o ABSOLUTE
    __use_no_heap_region                     0x00000000   Number         0  useno.o ABSOLUTE
    __use_no_semihosting                     0x00000000   Number         0  useno.o ABSOLUTE
    __use_no_semihosting_swi                 0x00000000   Number         0  useno.o ABSOLUTE
    __use_no_signal_handling                 0x00000000   Number         0  useno.o ABSOLUTE
    __cpp_initialize__aeabi_                  - Undefined Weak Reference
    __cxa_finalize                            - Undefined Weak Reference
    _clock_init                               - Undefined Weak Reference
    _microlib_exit                            - Undefined Weak Reference
    __Vectors_Size                           0x000000ec   Number         0  startup_stm32f10x_md.o ABSOLUTE
    __Vectors                                0x08000000   Data           4  startup_stm32f10x_md.o(RESET)
    __Vectors_End                            0x080000ec   Data           0  startup_stm32f10x_md.o(RESET)
    __main                                   0x080000ed   Thumb Code     0  entry.o(.ARM.Collect$$$$00000000)
    _main_stk                                0x080000ed   Thumb Code     0  entry2.o(.ARM.Collect$$$$00000001)
    _main_scatterload                        0x080000f1   Thumb Code     0  entry5.o(.ARM.Collect$$$$00000004)
    __main_after_scatterload                 0x080000f5   Thumb Code     0  entry5.o(.ARM.Collect$$$$00000004)
    _main_clock                              0x080000f5   Thumb Code     0  entry7b.o(.ARM.Collect$$$$00000008)
    _main_cpp_init                           0x080000f5   Thumb Code     0  entry8b.o(.ARM.Collect$$$$0000000A)
    _main_init                               0x080000f5   Thumb Code     0  entry9a.o(.ARM.Collect$$$$0000000B)
    __rt_final_cpp                           0x080000fd   Thumb Code     0  entry10a.o(.ARM.Collect$$$$0000000D)
    __rt_final_exit                          0x080000fd   Thumb Code     0  entry11a.o(.ARM.Collect$$$$0000000F)
    main                                     0x08000101   Thumb Code   176  main.o(.text)
    NMI_Handler                              0x080001cd   Thumb Code     2  stm32f10x_it.o(.text)
    HardFault_Handler                        0x080001cf   Thumb Code     4  stm32f10x_it.o(.text)
    MemManage_Handler                        0x080001d3   Thumb Code     4  stm32f10x_it.o(.text)
    BusFault_Handler                         0x080001d7   Thumb Code     4  stm32f10x_it.o(.text)
    UsageFault_Handler                       0x080001db   Thumb Code     4  stm32f10x_it.o(.text)
    SVC_Handler                              0x080001df   Thumb Code     2  stm32f10x_it.o(.text)
    DebugMon_Handler                         0x080001e1   Thumb Code     2  stm32f10x_it.o(.text)
    PendSV_Handler                           0x080001e3   Thumb Code     2  stm32f10x_it.o(.text)
    SysTick_Handler                          0x080001e5   Thumb Code     2  stm32f10x_it.o(.text)
    SystemInit                               0x080002c7   Thumb Code    78  system_stm32f10x.o(.text)
    SystemCoreClockUpdate                    0x08000315   Thumb Code   142  system_stm32f10x.o(.text)
    LED_Init                                 0x080003c9   Thumb Code    50  led.o(.text)
    LED_on                                   0x080003fb   Thumb Code    14  led.o(.text)
    LED_off                                  0x08000409   Thumb Code    14  led.o(.text)
    Delay                                    0x0800041d   Thumb Code    12  oled.o(.text)
    OLED_IIC_Start                           0x08000429   Thumb Code    44  oled.o(.text)
    OLED_IIC_Stop                            0x08000455   Thumb Code    34  oled.o(.text)
    OLED_IIC_Wait_Ack                        0x08000477   Thumb Code    24  oled.o(.text)
    OLED_Write_IIC_Byte                      0x0800048f   Thumb Code    88  oled.o(.text)
    OLED_Write_IIC_Command                   0x080004e7   Thumb Code    44  oled.o(.text)
    OLED_Write_IIC_Data                      0x08000513   Thumb Code    44  oled.o(.text)
    OLED_WR_Byte                             0x0800053f   Thumb Code    24  oled.o(.text)
    fill_picture                             0x08000557   Thumb Code    64  oled.o(.text)
    Delay_50ms                               0x08000597   Thumb Code    22  oled.o(.text)
    Delay_1ms                                0x080005ad   Thumb Code    26  oled.o(.text)
    OLED_Set_Pos                             0x080005c7   Thumb Code    40  oled.o(.text)
    OLED_Display_On                          0x080005ef   Thumb Code    28  oled.o(.text)
    OLED_Display_Off                         0x0800060b   Thumb Code    28  oled.o(.text)
    OLED_Clear                               0x08000627   Thumb Code    62  oled.o(.text)
    OLED_On                                  0x08000665   Thumb Code    62  oled.o(.text)
    OLED_ShowChar                            0x080006a3   Thumb Code   154  oled.o(.text)
    oled_pow                                 0x0800073d   Thumb Code    22  oled.o(.text)
    OLED_ShowNumber                          0x08000753   Thumb Code   136  oled.o(.text)
    OLED_ShowString                          0x080007db   Thumb Code    66  oled.o(.text)
    OLED_ShowCHinese16x16                    0x0800081d   Thumb Code    86  oled.o(.text)
    OLED_DrawBMP                             0x08000873   Thumb Code   118  oled.o(.text)
    OLED_Float                               0x080008e9   Thumb Code   442  oled.o(.text)
    OLED_Float2                              0x08000aa3   Thumb Code   356  oled.o(.text)
    OLED_Num_write                           0x08000c07   Thumb Code    62  oled.o(.text)
    OLED_fuhao_write                         0x08000c45   Thumb Code    58  oled.o(.text)
    OLED_Num2                                0x08000c7f   Thumb Code   156  oled.o(.text)
    OLED_Num3                                0x08000d1b   Thumb Code   212  oled.o(.text)
    OLED_Num4                                0x08000def   Thumb Code   134  oled.o(.text)
    OLED_Num5                                0x08000e75   Thumb Code   152  oled.o(.text)
    OLED_Init                                0x08000f0d   Thumb Code   282  oled.o(.text)
    display                                  0x08001027   Thumb Code    88  oled.o(.text)
    wenandisplay                             0x0800107f   Thumb Code   244  oled.o(.text)
    Adc_Init                                 0x08001185   Thumb Code   132  adc.o(.text)
    Get_Adc                                  0x08001209   Thumb Code    46  adc.o(.text)
    Get_Adc_Average                          0x08001237   Thumb Code    46  adc.o(.text)
    delay_init                               0x0800126d   Thumb Code    50  delay.o(.text)
    delay_us                                 0x0800129f   Thumb Code    72  delay.o(.text)
    delay_ms                                 0x080012e7   Thumb Code    72  delay.o(.text)
    NVIC_Configuration                       0x08001341   Thumb Code    12  sys.o(.text)
    _sys_exit                                0x0800134d   Thumb Code     6  usart.o(.text)
    fputc                                    0x08001353   Thumb Code    24  usart.o(.text)
    uart_init                                0x0800136b   Thumb Code   158  usart.o(.text)
    USART1_IRQHandler                        0x08001409   Thumb Code   122  usart.o(.text)
    Reset_Handler                            0x08001495   Thumb Code     8  startup_stm32f10x_md.o(.text)
    ADC1_2_IRQHandler                        0x080014af   Thumb Code     0  startup_stm32f10x_md.o(.text)
    CAN1_RX1_IRQHandler                      0x080014af   Thumb Code     0  startup_stm32f10x_md.o(.text)
    CAN1_SCE_IRQHandler                      0x080014af   Thumb Code     0  startup_stm32f10x_md.o(.text)
    DMA1_Channel1_IRQHandler                 0x080014af   Thumb Code     0  startup_stm32f10x_md.o(.text)
    DMA1_Channel2_IRQHandler                 0x080014af   Thumb Code     0  startup_stm32f10x_md.o(.text)
    DMA1_Channel3_IRQHandler                 0x080014af   Thumb Code     0  startup_stm32f10x_md.o(.text)
    DMA1_Channel4_IRQHandler                 0x080014af   Thumb Code     0  startup_stm32f10x_md.o(.text)
    DMA1_Channel5_IRQHandler                 0x080014af   Thumb Code     0  startup_stm32f10x_md.o(.text)
    DMA1_Channel6_IRQHandler                 0x080014af   Thumb Code     0  startup_stm32f10x_md.o(.text)
    DMA1_Channel7_IRQHandler                 0x080014af   Thumb Code     0  startup_stm32f10x_md.o(.text)
    EXTI0_IRQHandler                         0x080014af   Thumb Code     0  startup_stm32f10x_md.o(.text)
    EXTI15_10_IRQHandler                     0x080014af   Thumb Code     0  startup_stm32f10x_md.o(.text)
    EXTI1_IRQHandler                         0x080014af   Thumb Code     0  startup_stm32f10x_md.o(.text)
    EXTI2_IRQHandler                         0x080014af   Thumb Code     0  startup_stm32f10x_md.o(.text)
    EXTI3_IRQHandler                         0x080014af   Thumb Code     0  startup_stm32f10x_md.o(.text)
    EXTI4_IRQHandler                         0x080014af   Thumb Code     0  startup_stm32f10x_md.o(.text)
    EXTI9_5_IRQHandler                       0x080014af   Thumb Code     0  startup_stm32f10x_md.o(.text)
    FLASH_IRQHandler                         0x080014af   Thumb Code     0  startup_stm32f10x_md.o(.text)
    I2C1_ER_IRQHandler                       0x080014af   Thumb Code     0  startup_stm32f10x_md.o(.text)
    I2C1_EV_IRQHandler                       0x080014af   Thumb Code     0  startup_stm32f10x_md.o(.text)
    I2C2_ER_IRQHandler                       0x080014af   Thumb Code     0  startup_stm32f10x_md.o(.text)
    I2C2_EV_IRQHandler                       0x080014af   Thumb Code     0  startup_stm32f10x_md.o(.text)
    PVD_IRQHandler                           0x080014af   Thumb Code     0  startup_stm32f10x_md.o(.text)
    RCC_IRQHandler                           0x080014af   Thumb Code     0  startup_stm32f10x_md.o(.text)
    RTCAlarm_IRQHandler                      0x080014af   Thumb Code     0  startup_stm32f10x_md.o(.text)
    RTC_IRQHandler                           0x080014af   Thumb Code     0  startup_stm32f10x_md.o(.text)
    SPI1_IRQHandler                          0x080014af   Thumb Code     0  startup_stm32f10x_md.o(.text)
    SPI2_IRQHandler                          0x080014af   Thumb Code     0  startup_stm32f10x_md.o(.text)
    TAMPER_IRQHandler                        0x080014af   Thumb Code     0  startup_stm32f10x_md.o(.text)
    TIM1_BRK_IRQHandler                      0x080014af   Thumb Code     0  startup_stm32f10x_md.o(.text)
    TIM1_CC_IRQHandler                       0x080014af   Thumb Code     0  startup_stm32f10x_md.o(.text)
    TIM1_TRG_COM_IRQHandler                  0x080014af   Thumb Code     0  startup_stm32f10x_md.o(.text)
    TIM1_UP_IRQHandler                       0x080014af   Thumb Code     0  startup_stm32f10x_md.o(.text)
    TIM2_IRQHandler                          0x080014af   Thumb Code     0  startup_stm32f10x_md.o(.text)
    TIM3_IRQHandler                          0x080014af   Thumb Code     0  startup_stm32f10x_md.o(.text)
    TIM4_IRQHandler                          0x080014af   Thumb Code     0  startup_stm32f10x_md.o(.text)
    USART2_IRQHandler                        0x080014af   Thumb Code     0  startup_stm32f10x_md.o(.text)
    USART3_IRQHandler                        0x080014af   Thumb Code     0  startup_stm32f10x_md.o(.text)
    USBWakeUp_IRQHandler                     0x080014af   Thumb Code     0  startup_stm32f10x_md.o(.text)
    USB_HP_CAN1_TX_IRQHandler                0x080014af   Thumb Code     0  startup_stm32f10x_md.o(.text)
    USB_LP_CAN1_RX0_IRQHandler               0x080014af   Thumb Code     0  startup_stm32f10x_md.o(.text)
    WWDG_IRQHandler                          0x080014af   Thumb Code     0  startup_stm32f10x_md.o(.text)
    GPIO_DeInit                              0x080014b9   Thumb Code   172  stm32f10x_gpio.o(.text)
    GPIO_AFIODeInit                          0x08001565   Thumb Code    20  stm32f10x_gpio.o(.text)
    GPIO_Init                                0x08001579   Thumb Code   278  stm32f10x_gpio.o(.text)
    GPIO_StructInit                          0x0800168f   Thumb Code    16  stm32f10x_gpio.o(.text)
    GPIO_ReadInputDataBit                    0x0800169f   Thumb Code    18  stm32f10x_gpio.o(.text)
    GPIO_ReadInputData                       0x080016b1   Thumb Code     8  stm32f10x_gpio.o(.text)
    GPIO_ReadOutputDataBit                   0x080016b9   Thumb Code    18  stm32f10x_gpio.o(.text)
    GPIO_ReadOutputData                      0x080016cb   Thumb Code     8  stm32f10x_gpio.o(.text)
    GPIO_SetBits                             0x080016d3   Thumb Code     4  stm32f10x_gpio.o(.text)
    GPIO_ResetBits                           0x080016d7   Thumb Code     4  stm32f10x_gpio.o(.text)
    GPIO_WriteBit                            0x080016db   Thumb Code    10  stm32f10x_gpio.o(.text)
    GPIO_Write                               0x080016e5   Thumb Code     4  stm32f10x_gpio.o(.text)
    GPIO_PinLockConfig                       0x080016e9   Thumb Code    18  stm32f10x_gpio.o(.text)
    GPIO_EventOutputConfig                   0x080016fb   Thumb Code    26  stm32f10x_gpio.o(.text)
    GPIO_EventOutputCmd                      0x08001715   Thumb Code     6  stm32f10x_gpio.o(.text)
    GPIO_PinRemapConfig                      0x0800171b   Thumb Code   138  stm32f10x_gpio.o(.text)
    GPIO_EXTILineConfig                      0x080017a5   Thumb Code    66  stm32f10x_gpio.o(.text)
    GPIO_ETH_MediaInterfaceConfig            0x080017e7   Thumb Code     8  stm32f10x_gpio.o(.text)
    RCC_DeInit                               0x08001815   Thumb Code    64  stm32f10x_rcc.o(.text)
    RCC_HSEConfig                            0x08001855   Thumb Code    70  stm32f10x_rcc.o(.text)
    RCC_GetFlagStatus                        0x0800189b   Thumb Code    56  stm32f10x_rcc.o(.text)
    RCC_WaitForHSEStartUp                    0x080018d3   Thumb Code    56  stm32f10x_rcc.o(.text)
    RCC_AdjustHSICalibrationValue            0x0800190b   Thumb Code    20  stm32f10x_rcc.o(.text)
    RCC_HSICmd                               0x0800191f   Thumb Code     6  stm32f10x_rcc.o(.text)
    RCC_PLLConfig                            0x08001925   Thumb Code    24  stm32f10x_rcc.o(.text)
    RCC_PLLCmd                               0x0800193d   Thumb Code     6  stm32f10x_rcc.o(.text)
    RCC_SYSCLKConfig                         0x08001943   Thumb Code    18  stm32f10x_rcc.o(.text)
    RCC_GetSYSCLKSource                      0x08001955   Thumb Code    10  stm32f10x_rcc.o(.text)
    RCC_HCLKConfig                           0x0800195f   Thumb Code    18  stm32f10x_rcc.o(.text)
    RCC_PCLK1Config                          0x08001971   Thumb Code    18  stm32f10x_rcc.o(.text)
    RCC_PCLK2Config                          0x08001983   Thumb Code    20  stm32f10x_rcc.o(.text)
    RCC_ITConfig                             0x08001997   Thumb Code    26  stm32f10x_rcc.o(.text)
    RCC_USBCLKConfig                         0x080019b1   Thumb Code     8  stm32f10x_rcc.o(.text)
    RCC_ADCCLKConfig                         0x080019b9   Thumb Code    18  stm32f10x_rcc.o(.text)
    RCC_LSEConfig                            0x080019cb   Thumb Code    50  stm32f10x_rcc.o(.text)
    RCC_LSICmd                               0x080019fd   Thumb Code     6  stm32f10x_rcc.o(.text)
    RCC_RTCCLKConfig                         0x08001a03   Thumb Code    12  stm32f10x_rcc.o(.text)
    RCC_RTCCLKCmd                            0x08001a0f   Thumb Code     8  stm32f10x_rcc.o(.text)
    RCC_GetClocksFreq                        0x08001a17   Thumb Code   192  stm32f10x_rcc.o(.text)
    RCC_AHBPeriphClockCmd                    0x08001ad7   Thumb Code    26  stm32f10x_rcc.o(.text)
    RCC_APB2PeriphClockCmd                   0x08001af1   Thumb Code    26  stm32f10x_rcc.o(.text)
    RCC_APB1PeriphClockCmd                   0x08001b0b   Thumb Code    26  stm32f10x_rcc.o(.text)
    RCC_APB2PeriphResetCmd                   0x08001b25   Thumb Code    26  stm32f10x_rcc.o(.text)
    RCC_APB1PeriphResetCmd                   0x08001b3f   Thumb Code    26  stm32f10x_rcc.o(.text)
    RCC_BackupResetCmd                       0x08001b59   Thumb Code     8  stm32f10x_rcc.o(.text)
    RCC_ClockSecuritySystemCmd               0x08001b61   Thumb Code     6  stm32f10x_rcc.o(.text)
    RCC_MCOConfig                            0x08001b67   Thumb Code     6  stm32f10x_rcc.o(.text)
    RCC_ClearFlag                            0x08001b6d   Thumb Code    14  stm32f10x_rcc.o(.text)
    RCC_GetITStatus                          0x08001b7b   Thumb Code    20  stm32f10x_rcc.o(.text)
    RCC_ClearITPendingBit                    0x08001b8f   Thumb Code     6  stm32f10x_rcc.o(.text)
    USART_DeInit                             0x08001bb9   Thumb Code   134  stm32f10x_usart.o(.text)
    USART_Init                               0x08001c3f   Thumb Code   210  stm32f10x_usart.o(.text)
    USART_StructInit                         0x08001d11   Thumb Code    24  stm32f10x_usart.o(.text)
    USART_ClockInit                          0x08001d29   Thumb Code    34  stm32f10x_usart.o(.text)
    USART_ClockStructInit                    0x08001d4b   Thumb Code    12  stm32f10x_usart.o(.text)
    USART_Cmd                                0x08001d57   Thumb Code    24  stm32f10x_usart.o(.text)
    USART_ITConfig                           0x08001d6f   Thumb Code    74  stm32f10x_usart.o(.text)
    USART_DMACmd                             0x08001db9   Thumb Code    18  stm32f10x_usart.o(.text)
    USART_SetAddress                         0x08001dcb   Thumb Code    18  stm32f10x_usart.o(.text)
    USART_WakeUpConfig                       0x08001ddd   Thumb Code    18  stm32f10x_usart.o(.text)
    USART_ReceiverWakeUpCmd                  0x08001def   Thumb Code    24  stm32f10x_usart.o(.text)
    USART_LINBreakDetectLengthConfig         0x08001e07   Thumb Code    18  stm32f10x_usart.o(.text)
    USART_LINCmd                             0x08001e19   Thumb Code    24  stm32f10x_usart.o(.text)
    USART_SendData                           0x08001e31   Thumb Code     8  stm32f10x_usart.o(.text)
    USART_ReceiveData                        0x08001e39   Thumb Code    10  stm32f10x_usart.o(.text)
    USART_SendBreak                          0x08001e43   Thumb Code    10  stm32f10x_usart.o(.text)
    USART_SetGuardTime                       0x08001e4d   Thumb Code    16  stm32f10x_usart.o(.text)
    USART_SetPrescaler                       0x08001e5d   Thumb Code    16  stm32f10x_usart.o(.text)
    USART_SmartCardCmd                       0x08001e6d   Thumb Code    24  stm32f10x_usart.o(.text)
    USART_SmartCardNACKCmd                   0x08001e85   Thumb Code    24  stm32f10x_usart.o(.text)
    USART_HalfDuplexCmd                      0x08001e9d   Thumb Code    24  stm32f10x_usart.o(.text)
    USART_OverSampling8Cmd                   0x08001eb5   Thumb Code    22  stm32f10x_usart.o(.text)
    USART_OneBitMethodCmd                    0x08001ecb   Thumb Code    24  stm32f10x_usart.o(.text)
    USART_IrDAConfig                         0x08001ee3   Thumb Code    18  stm32f10x_usart.o(.text)
    USART_IrDACmd                            0x08001ef5   Thumb Code    24  stm32f10x_usart.o(.text)
    USART_GetFlagStatus                      0x08001f0d   Thumb Code    26  stm32f10x_usart.o(.text)
    USART_ClearFlag                          0x08001f27   Thumb Code    18  stm32f10x_usart.o(.text)
    USART_GetITStatus                        0x08001f39   Thumb Code    84  stm32f10x_usart.o(.text)
    USART_ClearITPendingBit                  0x08001f8d   Thumb Code    52  stm32f10x_usart.o(.text)
    NVIC_PriorityGroupConfig                 0x08001fc1   Thumb Code    10  misc.o(.text)
    NVIC_Init                                0x08001fcb   Thumb Code   100  misc.o(.text)
    NVIC_SetVectorTable                      0x0800202f   Thumb Code    14  misc.o(.text)
    NVIC_SystemLPConfig                      0x0800203d   Thumb Code    34  misc.o(.text)
    SysTick_CLKSourceConfig                  0x0800205f   Thumb Code    40  misc.o(.text)
    ADC_DeInit                               0x0800209d   Thumb Code    78  stm32f10x_adc.o(.text)
    ADC_Init                                 0x080020eb   Thumb Code    70  stm32f10x_adc.o(.text)
    ADC_StructInit                           0x08002131   Thumb Code    18  stm32f10x_adc.o(.text)
    ADC_Cmd                                  0x08002143   Thumb Code    22  stm32f10x_adc.o(.text)
    ADC_DMACmd                               0x08002159   Thumb Code    22  stm32f10x_adc.o(.text)
    ADC_ITConfig                             0x0800216f   Thumb Code    24  stm32f10x_adc.o(.text)
    ADC_ResetCalibration                     0x08002187   Thumb Code    10  stm32f10x_adc.o(.text)
    ADC_GetResetCalibrationStatus            0x08002191   Thumb Code    20  stm32f10x_adc.o(.text)
    ADC_StartCalibration                     0x080021a5   Thumb Code    10  stm32f10x_adc.o(.text)
    ADC_GetCalibrationStatus                 0x080021af   Thumb Code    20  stm32f10x_adc.o(.text)
    ADC_SoftwareStartConvCmd                 0x080021c3   Thumb Code    22  stm32f10x_adc.o(.text)
    ADC_GetSoftwareStartConvStatus           0x080021d9   Thumb Code    20  stm32f10x_adc.o(.text)
    ADC_DiscModeChannelCountConfig           0x080021ed   Thumb Code    24  stm32f10x_adc.o(.text)
    ADC_DiscModeCmd                          0x08002205   Thumb Code    22  stm32f10x_adc.o(.text)
    ADC_RegularChannelConfig                 0x0800221b   Thumb Code   184  stm32f10x_adc.o(.text)
    ADC_ExternalTrigConvCmd                  0x080022d3   Thumb Code    22  stm32f10x_adc.o(.text)
    ADC_GetConversionValue                   0x080022e9   Thumb Code     8  stm32f10x_adc.o(.text)
    ADC_GetDualModeConversionValue           0x080022f1   Thumb Code     8  stm32f10x_adc.o(.text)
    ADC_AutoInjectedConvCmd                  0x080022f9   Thumb Code    22  stm32f10x_adc.o(.text)
    ADC_InjectedDiscModeCmd                  0x0800230f   Thumb Code    22  stm32f10x_adc.o(.text)
    ADC_ExternalTrigInjectedConvConfig       0x08002325   Thumb Code    16  stm32f10x_adc.o(.text)
    ADC_ExternalTrigInjectedConvCmd          0x08002335   Thumb Code    22  stm32f10x_adc.o(.text)
    ADC_SoftwareStartInjectedConvCmd         0x0800234b   Thumb Code    22  stm32f10x_adc.o(.text)
    ADC_GetSoftwareStartInjectedConvCmdStatus 0x08002361   Thumb Code    20  stm32f10x_adc.o(.text)
    ADC_InjectedChannelConfig                0x08002375   Thumb Code   130  stm32f10x_adc.o(.text)
    ADC_InjectedSequencerLengthConfig        0x080023f7   Thumb Code    24  stm32f10x_adc.o(.text)
    ADC_SetInjectedOffset                    0x0800240f   Thumb Code    20  stm32f10x_adc.o(.text)
    ADC_GetInjectedConversionValue           0x08002423   Thumb Code    28  stm32f10x_adc.o(.text)
    ADC_AnalogWatchdogCmd                    0x0800243f   Thumb Code    16  stm32f10x_adc.o(.text)
    ADC_AnalogWatchdogThresholdsConfig       0x0800244f   Thumb Code     6  stm32f10x_adc.o(.text)
    ADC_AnalogWatchdogSingleChannelConfig    0x08002455   Thumb Code    16  stm32f10x_adc.o(.text)
    ADC_TempSensorVrefintCmd                 0x08002465   Thumb Code    64  stm32f10x_adc.o(.text)
    ADC_GetFlagStatus                        0x080024a5   Thumb Code    18  stm32f10x_adc.o(.text)
    ADC_ClearFlag                            0x080024b7   Thumb Code     6  stm32f10x_adc.o(.text)
    ADC_GetITStatus                          0x080024bd   Thumb Code    36  stm32f10x_adc.o(.text)
    ADC_ClearITPendingBit                    0x080024e1   Thumb Code    10  stm32f10x_adc.o(.text)
    __aeabi_dadd                             0x080024eb   Thumb Code   322  dadd.o(.text)
    __aeabi_dsub                             0x0800262d   Thumb Code     6  dadd.o(.text)
    __aeabi_drsub                            0x08002633   Thumb Code     6  dadd.o(.text)
    __aeabi_dmul                             0x08002639   Thumb Code   228  dmul.o(.text)
    __aeabi_ui2f                             0x0800271d   Thumb Code    10  ffltui.o(.text)
    __aeabi_i2d                              0x08002727   Thumb Code    34  dflti.o(.text)
    __aeabi_ui2d                             0x08002749   Thumb Code    26  dfltui.o(.text)
    __aeabi_d2iz                             0x08002763   Thumb Code    62  dfixi.o(.text)
    __aeabi_d2uiz                            0x080027a1   Thumb Code    50  dfixui.o(.text)
    __aeabi_f2d                              0x080027d3   Thumb Code    38  f2d.o(.text)
    __aeabi_cdcmpeq                          0x080027f9   Thumb Code     0  cdcmple.o(.text)
    __aeabi_cdcmple                          0x080027f9   Thumb Code    48  cdcmple.o(.text)
    __aeabi_d2f                              0x08002829   Thumb Code    56  d2f.o(.text)
    __aeabi_llsl                             0x08002861   Thumb Code    30  llshl.o(.text)
    _ll_shift_l                              0x08002861   Thumb Code     0  llshl.o(.text)
    __aeabi_llsr                             0x0800287f   Thumb Code    32  llushr.o(.text)
    _ll_ushift_r                             0x0800287f   Thumb Code     0  llushr.o(.text)
    __aeabi_lasr                             0x0800289f   Thumb Code    36  llsshr.o(.text)
    _ll_sshift_r                             0x0800289f   Thumb Code     0  llsshr.o(.text)
    __I$use$fp                               0x080028c3   Thumb Code     0  iusefp.o(.text)
    _float_round                             0x080028c3   Thumb Code    18  fepilogue.o(.text)
    _float_epilogue                          0x080028d5   Thumb Code    92  fepilogue.o(.text)
    _double_round                            0x08002931   Thumb Code    30  depilogue.o(.text)
    _double_epilogue                         0x0800294f   Thumb Code   156  depilogue.o(.text)
    __scatterload                            0x080029ed   Thumb Code    28  init.o(.text)
    __scatterload_rt2                        0x080029ed   Thumb Code     0  init.o(.text)
    __decompress                             0x08002a11   Thumb Code     0  __dczerorl2.o(.text)
    __decompress1                            0x08002a11   Thumb Code    86  __dczerorl2.o(.text)
    __scatterload_copy                       0x08002a67   Thumb Code    14  handlers.o(i.__scatterload_copy)
    __scatterload_null                       0x08002a75   Thumb Code     2  handlers.o(i.__scatterload_null)
    __scatterload_zeroinit                   0x08002a77   Thumb Code    14  handlers.o(i.__scatterload_zeroinit)
    F6x8                                     0x08002a84   Data         552  oled.o(.constdata)
    F8X16                                    0x08002cac   Data        1520  oled.o(.constdata)
    Region$$Table$$Base                      0x0800329c   Number         0  anon$$obj.o(Region$$Table)
    Region$$Table$$Limit                     0x080032bc   Number         0  anon$$obj.o(Region$$Table)
    SystemCoreClock                          0x20000000   Data           4  system_stm32f10x.o(.data)
    AHBPrescTable                            0x20000004   Data          16  system_stm32f10x.o(.data)
    Hzk                                      0x20000014   Data         896  oled.o(.data)
    LOGO                                     0x20000394   Data         128  oled.o(.data)
    wenan                                    0x20000414   Data         400  oled.o(.data)
    __stdout                                 0x200005a8   Data           4  usart.o(.data)
    USART_RX_STA                             0x200005ac   Data           2  usart.o(.data)
    USART_RX_BUF                             0x200005c4   Data         200  usart.o(.bss)
    __initial_sp                             0x20000a90   Data           0  startup_stm32f10x_md.o(STACK)



==============================================================================

Memory Map of the image

  Image Entry point : 0x080000ed

  Load Region LR_IROM1 (Base: 0x08000000, Size: 0x00003880, Max: 0x00010000, ABSOLUTE, COMPRESSED[0x000035a8])

    Execution Region ER_IROM1 (Base: 0x08000000, Size: 0x000032bc, Max: 0x00010000, ABSOLUTE)

    Base Addr    Size         Type   Attr      Idx    E Section Name        Object

    0x08000000   0x000000ec   Data   RO          237    RESET               startup_stm32f10x_md.o
    0x080000ec   0x00000000   Code   RO          319  * .ARM.Collect$$$$00000000  mc_w.l(entry.o)
    0x080000ec   0x00000004   Code   RO          342    .ARM.Collect$$$$00000001  mc_w.l(entry2.o)
    0x080000f0   0x00000004   Code   RO          345    .ARM.Collect$$$$00000004  mc_w.l(entry5.o)
    0x080000f4   0x00000000   Code   RO          347    .ARM.Collect$$$$00000008  mc_w.l(entry7b.o)
    0x080000f4   0x00000000   Code   RO          349    .ARM.Collect$$$$0000000A  mc_w.l(entry8b.o)
    0x080000f4   0x00000008   Code   RO          350    .ARM.Collect$$$$0000000B  mc_w.l(entry9a.o)
    0x080000fc   0x00000000   Code   RO          352    .ARM.Collect$$$$0000000D  mc_w.l(entry10a.o)
    0x080000fc   0x00000000   Code   RO          354    .ARM.Collect$$$$0000000F  mc_w.l(entry11a.o)
    0x080000fc   0x00000004   Code   RO          343    .ARM.Collect$$$$00002712  mc_w.l(entry2.o)
    0x08000100   0x000000cc   Code   RO            1    .text               main.o
    0x080001cc   0x0000001a   Code   RO           79    .text               stm32f10x_it.o
    0x080001e6   0x00000002   PAD
    0x080001e8   0x000001e0   Code   RO          111    .text               system_stm32f10x.o
    0x080003c8   0x00000054   Code   RO          129    .text               led.o
    0x0800041c   0x00000d68   Code   RO          141    .text               oled.o
    0x08001184   0x000000e8   Code   RO          163    .text               adc.o
    0x0800126c   0x000000d4   Code   RO          175    .text               delay.o
    0x08001340   0x0000000c   Code   RO          189    .text               sys.o
    0x0800134c   0x00000148   Code   RO          201    .text               usart.o
    0x08001494   0x00000024   Code   RO          238    .text               startup_stm32f10x_md.o
    0x080014b8   0x0000035c   Code   RO          242    .text               stm32f10x_gpio.o
    0x08001814   0x000003a4   Code   RO          254    .text               stm32f10x_rcc.o
    0x08001bb8   0x00000408   Code   RO          268    .text               stm32f10x_usart.o
    0x08001fc0   0x000000dc   Code   RO          280    .text               misc.o
    0x0800209c   0x0000044e   Code   RO          307    .text               stm32f10x_adc.o
    0x080024ea   0x0000014e   Code   RO          322    .text               mf_w.l(dadd.o)
    0x08002638   0x000000e4   Code   RO          324    .text               mf_w.l(dmul.o)
    0x0800271c   0x0000000a   Code   RO          326    .text               mf_w.l(ffltui.o)
    0x08002726   0x00000022   Code   RO          328    .text               mf_w.l(dflti.o)
    0x08002748   0x0000001a   Code   RO          330    .text               mf_w.l(dfltui.o)
    0x08002762   0x0000003e   Code   RO          332    .text               mf_w.l(dfixi.o)
    0x080027a0   0x00000032   Code   RO          334    .text               mf_w.l(dfixui.o)
    0x080027d2   0x00000026   Code   RO          336    .text               mf_w.l(f2d.o)
    0x080027f8   0x00000030   Code   RO          338    .text               mf_w.l(cdcmple.o)
    0x08002828   0x00000038   Code   RO          340    .text               mf_w.l(d2f.o)
    0x08002860   0x0000001e   Code   RO          356    .text               mc_w.l(llshl.o)
    0x0800287e   0x00000020   Code   RO          358    .text               mc_w.l(llushr.o)
    0x0800289e   0x00000024   Code   RO          360    .text               mc_w.l(llsshr.o)
    0x080028c2   0x00000000   Code   RO          362    .text               mc_w.l(iusefp.o)
    0x080028c2   0x0000006e   Code   RO          363    .text               mf_w.l(fepilogue.o)
    0x08002930   0x000000ba   Code   RO          365    .text               mf_w.l(depilogue.o)
    0x080029ea   0x00000002   PAD
    0x080029ec   0x00000024   Code   RO          367    .text               mc_w.l(init.o)
    0x08002a10   0x00000056   Code   RO          377    .text               mc_w.l(__dczerorl2.o)
    0x08002a66   0x0000000e   Code   RO          371    i.__scatterload_copy  mc_w.l(handlers.o)
    0x08002a74   0x00000002   Code   RO          372    i.__scatterload_null  mc_w.l(handlers.o)
    0x08002a76   0x0000000e   Code   RO          373    i.__scatterload_zeroinit  mc_w.l(handlers.o)
    0x08002a84   0x00000818   Data   RO          142    .constdata          oled.o
    0x0800329c   0x00000020   Data   RO          369    Region$$Table       anon$$obj.o


    Execution Region RW_IRAM1 (Base: 0x20000000, Size: 0x00000a90, Max: 0x00005000, ABSOLUTE, COMPRESSED[0x000002ec])

    Base Addr    Size         Type   Attr      Idx    E Section Name        Object

    0x20000000   0x00000014   Data   RW          112    .data               system_stm32f10x.o
    0x20000014   0x00000590   Data   RW          143    .data               oled.o
    0x200005a4   0x00000004   Data   RW          176    .data               delay.o
    0x200005a8   0x00000006   Data   RW          203    .data               usart.o
    0x200005ae   0x00000014   Data   RW          255    .data               stm32f10x_rcc.o
    0x200005c2   0x00000002   PAD
    0x200005c4   0x000000c8   Zero   RW          202    .bss                usart.o
    0x2000068c   0x00000004   PAD
    0x20000690   0x00000400   Zero   RW          235    STACK               startup_stm32f10x_md.o


==============================================================================

Image component sizes


      Code (inc. data)   RO Data    RW Data    ZI Data      Debug   Object Name

       232          8          0          0          0       1043   adc.o
         0          0          0          0          0         32   core_cm3.o
       212         18          0          4          0        967   delay.o
        84          6          0          0          0        658   led.o
       204         28          0          0          0     240495   main.o
       220         22          0          0          0       1745   misc.o
      3432         40       2072       1424          0      10254   oled.o
        36          8        236          0       1024        764   startup_stm32f10x_md.o
      1102         26          0          0          0      10781   stm32f10x_adc.o
       860         38          0          0          0       5593   stm32f10x_gpio.o
        26          0          0          0          0       1154   stm32f10x_it.o
       932         36          0         20          0       8740   stm32f10x_rcc.o
      1032         22          0          0          0       8316   stm32f10x_usart.o
        12          0          0          0          0        425   sys.o
       480         38          0         20          0       1659   system_stm32f10x.o
       328         18          0          6        200       3082   usart.o

    ----------------------------------------------------------------------
      9194        308       2340       1476       1228     295708   Object Totals
         0          0         32          0          0          0   (incl. Generated)
         2          0          0          2          4          0   (incl. Padding)

    ----------------------------------------------------------------------

      Code (inc. data)   RO Data    RW Data    ZI Data      Debug   Library Member Name

        86          0          0          0          0          0   __dczerorl2.o
         0          0          0          0          0          0   entry.o
         0          0          0          0          0          0   entry10a.o
         0          0          0          0          0          0   entry11a.o
         8          4          0          0          0          0   entry2.o
         4          0          0          0          0          0   entry5.o
         0          0          0          0          0          0   entry7b.o
         0          0          0          0          0          0   entry8b.o
         8          4          0          0          0          0   entry9a.o
        30          0          0          0          0          0   handlers.o
        36          8          0          0          0         68   init.o
         0          0          0          0          0          0   iusefp.o
        30          0          0          0          0         68   llshl.o
        36          0          0          0          0         68   llsshr.o
        32          0          0          0          0         68   llushr.o
        48          0          0          0          0         68   cdcmple.o
        56          0          0          0          0         88   d2f.o
       334          0          0          0          0        148   dadd.o
       186          0          0          0          0        176   depilogue.o
        62          0          0          0          0         80   dfixi.o
        50          0          0          0          0         76   dfixui.o
        34          0          0          0          0         76   dflti.o
        26          0          0          0          0         76   dfltui.o
       228          0          0          0          0         96   dmul.o
        38          0          0          0          0         68   f2d.o
       110          0          0          0          0        168   fepilogue.o
        10          0          0          0          0         68   ffltui.o

    ----------------------------------------------------------------------
      1454         16          0          0          0       1460   Library Totals
         2          0          0          0          0          0   (incl. Padding)

    ----------------------------------------------------------------------

      Code (inc. data)   RO Data    RW Data    ZI Data      Debug   Library Name

       270         16          0          0          0        272   mc_w.l
      1182          0          0          0          0       1188   mf_w.l

    ----------------------------------------------------------------------
      1454         16          0          0          0       1460   Library Totals

    ----------------------------------------------------------------------

==============================================================================


      Code (inc. data)   RO Data    RW Data    ZI Data      Debug   

     10648        324       2340       1476       1228     295528   Grand Totals
     10648        324       2340        748       1228     295528   ELF Image Totals (compressed)
     10648        324       2340        748          0          0   ROM Totals

==============================================================================

    Total RO  Size (Code + RO Data)                12988 (  12.68kB)
    Total RW  Size (RW Data + ZI Data)              2704 (   2.64kB)
    Total ROM Size (Code + RO Data + RW Data)      13736 (  13.41kB)

==============================================================================

