<html>
<body>
<pre>
<h1>µVision Build Log</h1>
<h2>Tool Versions:</h2>
IDE-Version: ¦ÌVision V5.14.0.0
Copyright (C) 2015 ARM Ltd and ARM Germany GmbH. All rights reserved.
License Information: zxy ZXY, HP Inc., LIC=KRMW3-AQEFM-74WS0-B8SDP-T55I5-8RTT6
 
Tool Versions:
Toolchain:       MDK-ARM Standard  Version: 5.14.0.0
Toolchain Path:  D:\APP\Keil5\ARM\ARMCC\Bin
C Compiler:      Armcc.exe V5.05 update 1 (build 106)
Assembler:       Armasm.exe V5.05 update 1 (build 106)
Linker/Locator:  ArmLink.exe V5.05 update 1 (build 106)
Library Manager: ArmAr.exe V5.05 update 1 (build 106)
Hex Converter:   FromElf.exe V5.05 update 1 (build 106)
CPU DLL:         SARMCM3.DLL V5.14.0.0
Dialog DLL:      DCM.DLL V1.13.1.0
Target DLL:      STLink\ST-LINKIII-KEIL_SWO.dll V2.0.14.0_KEIL
Dialog DLL:      TCM.DLL V1.14.4.0
 
<h2>Project:</h2>
D:\STM32µÚ¶þ½×¶Î\»ô¶û±àÂëÆ÷²âËÙ\USER\LED.uvprojx
Project File Date:  01/26/2022

<h2>Output:</h2>
Build target 'Target 1'
compiling main.c...
main.c(63): warning:  #223-D: function "TIM_SetCompare2" declared implicitly
                TIM_SetCompare2(TIM3,ledpwmval);
main.c(64): warning:  #223-D: function "TIM_SetCompare1" declared implicitly
                TIM_SetCompare1(TIM3,ledpwmval);
main.c(68): warning:  #1-D: last line of file ends without a newline
   }
main.c(33): warning:  #177-D: variable "i" was declared but never referenced
  u8 i,j,speed;
main.c(33): warning:  #177-D: variable "j" was declared but never referenced
  u8 i,j,speed;
main.c: 5 warnings, 0 errors
compiling stm32f10x_it.c...
compiling system_stm32f10x.c...
compiling LED.c...
compiling oled.c...
compiling timer.c...
..\HARDWARE\TIMER\timer.c(142): warning:  #1-D: last line of file ends without a newline
  }
..\HARDWARE\TIMER\timer.c: 1 warning, 0 errors
compiling moto.c...
..\HARDWARE\MOTO\moto.c(45): warning:  #1-D: last line of file ends without a newline
  }
..\HARDWARE\MOTO\moto.c: 1 warning, 0 errors
compiling delay.c...
compiling sys.c...
compiling usart.c...
compiling core_cm3.c...
assembling startup_stm32f10x_md.s...
compiling stm32f10x_gpio.c...
compiling stm32f10x_rcc.c...
compiling stm32f10x_usart.c...
compiling misc.c...
compiling stm32f10x_tim.c...
compiling encoder.c...
linking...
Program Size: Code=13584 RO-data=2340 RW-data=1476 ZI-data=1228  
FromELF: creating hex file...
"..\OBJ\LED.axf" - 0 Error(s), 7 Warning(s).

<h2>Collection of Component include folders:</h2>
  D:\STM32µÚ¶þ½×¶Î\»ô¶û±àÂëÆ÷²âËÙ\USER\RTE
  D:\APP\Keil5\Keil\STM32F1xx_DFP\1.0.5\Device\Include

<h2>Collection of Component Files used:</h2>
</pre>
</body>
</html>
