Component: ARM Compiler 5.05 update 1 (build 106) Tool: armlink [4d0efa]

==============================================================================

Section Cross References

    main.o(.text) refers to sys.o(.text) for NVIC_Configuration
    main.o(.text) refers to delay.o(.text) for delay_init
    main.o(.text) refers to led.o(.text) for LED_Init
    main.o(.text) refers to usart.o(.text) for uart_init
    main.o(.text) refers to oled.o(.text) for OLED_Init
    main.o(.text) refers to moto.o(.text) for moto_Init
    main.o(.text) refers to encoder.o(.text) for Encoder_Init_TIM4
    main.o(.text) refers to timer.o(.text) for TIM3_Int_Init
    main.o(.text) refers to stm32f10x_tim.o(.text) for TIM_SetCompare2
    system_stm32f10x.o(.text) refers to system_stm32f10x.o(.data) for SystemCoreClock
    led.o(.text) refers to stm32f10x_rcc.o(.text) for RCC_APB2PeriphClockCmd
    led.o(.text) refers to stm32f10x_gpio.o(.text) for GPIO_Init
    oled.o(.text) refers to stm32f10x_gpio.o(.text) for GPIO_SetBits
    oled.o(.text) refers to oled.o(.constdata) for F8X16
    oled.o(.text) refers to cdcmple.o(.text) for __aeabi_cdcmple
    oled.o(.text) refers to dfixi.o(.text) for __aeabi_d2iz
    oled.o(.text) refers to dflti.o(.text) for __aeabi_i2d
    oled.o(.text) refers to dadd.o(.text) for __aeabi_drsub
    oled.o(.text) refers to dmul.o(.text) for __aeabi_dmul
    oled.o(.text) refers to dfixui.o(.text) for __aeabi_d2uiz
    oled.o(.text) refers to dfltui.o(.text) for __aeabi_ui2d
    oled.o(.text) refers to stm32f10x_rcc.o(.text) for RCC_APB2PeriphClockCmd
    oled.o(.text) refers to oled.o(.data) for LOGO
    timer.o(.text) refers to stm32f10x_rcc.o(.text) for RCC_APB1PeriphClockCmd
    timer.o(.text) refers to stm32f10x_tim.o(.text) for TIM_TimeBaseInit
    timer.o(.text) refers to misc.o(.text) for NVIC_Init
    timer.o(.text) refers to stm32f10x_gpio.o(.text) for GPIO_Init
    moto.o(.text) refers to stm32f10x_rcc.o(.text) for RCC_APB2PeriphClockCmd
    moto.o(.text) refers to stm32f10x_gpio.o(.text) for GPIO_Init
    delay.o(.text) refers to misc.o(.text) for SysTick_CLKSourceConfig
    delay.o(.text) refers to system_stm32f10x.o(.data) for SystemCoreClock
    delay.o(.text) refers to delay.o(.data) for fac_us
    sys.o(.text) refers to misc.o(.text) for NVIC_PriorityGroupConfig
    usart.o(.text) refers to stm32f10x_rcc.o(.text) for RCC_APB2PeriphClockCmd
    usart.o(.text) refers to stm32f10x_usart.o(.text) for USART_DeInit
    usart.o(.text) refers to stm32f10x_gpio.o(.text) for GPIO_Init
    usart.o(.text) refers to misc.o(.text) for NVIC_Init
    usart.o(.text) refers to usart.o(.data) for USART_RX_STA
    usart.o(.text) refers to usart.o(.bss) for USART_RX_BUF
    startup_stm32f10x_md.o(RESET) refers to startup_stm32f10x_md.o(STACK) for __initial_sp
    startup_stm32f10x_md.o(RESET) refers to startup_stm32f10x_md.o(.text) for Reset_Handler
    startup_stm32f10x_md.o(RESET) refers to stm32f10x_it.o(.text) for NMI_Handler
    startup_stm32f10x_md.o(RESET) refers to encoder.o(.text) for TIM2_IRQHandler
    startup_stm32f10x_md.o(RESET) refers to timer.o(.text) for TIM3_IRQHandler
    startup_stm32f10x_md.o(RESET) refers to usart.o(.text) for USART1_IRQHandler
    startup_stm32f10x_md.o(.text) refers to system_stm32f10x.o(.text) for SystemInit
    startup_stm32f10x_md.o(.text) refers to entry.o(.ARM.Collect$$$$00000000) for __main
    stm32f10x_gpio.o(.text) refers to stm32f10x_rcc.o(.text) for RCC_APB2PeriphResetCmd
    stm32f10x_rcc.o(.text) refers to stm32f10x_rcc.o(.data) for APBAHBPrescTable
    stm32f10x_usart.o(.text) refers to stm32f10x_rcc.o(.text) for RCC_APB2PeriphResetCmd
    stm32f10x_tim.o(.text) refers to stm32f10x_rcc.o(.text) for RCC_APB2PeriphResetCmd
    encoder.o(.text) refers to stm32f10x_rcc.o(.text) for RCC_APB1PeriphClockCmd
    encoder.o(.text) refers to stm32f10x_gpio.o(.text) for GPIO_Init
    encoder.o(.text) refers to stm32f10x_tim.o(.text) for TIM_TimeBaseStructInit
    entry.o(.ARM.Collect$$$$00000000) refers (Special) to entry10a.o(.ARM.Collect$$$$0000000D) for __rt_final_cpp
    entry.o(.ARM.Collect$$$$00000000) refers (Special) to entry11a.o(.ARM.Collect$$$$0000000F) for __rt_final_exit
    entry.o(.ARM.Collect$$$$00000000) refers (Special) to entry7b.o(.ARM.Collect$$$$00000008) for _main_clock
    entry.o(.ARM.Collect$$$$00000000) refers (Special) to entry8b.o(.ARM.Collect$$$$0000000A) for _main_cpp_init
    entry.o(.ARM.Collect$$$$00000000) refers (Special) to entry9a.o(.ARM.Collect$$$$0000000B) for _main_init
    entry.o(.ARM.Collect$$$$00000000) refers (Special) to entry5.o(.ARM.Collect$$$$00000004) for _main_scatterload
    entry.o(.ARM.Collect$$$$00000000) refers (Special) to entry2.o(.ARM.Collect$$$$00000001) for _main_stk
    dadd.o(.text) refers (Special) to iusefp.o(.text) for __I$use$fp
    dadd.o(.text) refers to llshl.o(.text) for __aeabi_llsl
    dadd.o(.text) refers to llsshr.o(.text) for __aeabi_lasr
    dadd.o(.text) refers to depilogue.o(.text) for _double_epilogue
    dmul.o(.text) refers (Special) to iusefp.o(.text) for __I$use$fp
    dmul.o(.text) refers to depilogue.o(.text) for _double_epilogue
    dflti.o(.text) refers (Special) to iusefp.o(.text) for __I$use$fp
    dflti.o(.text) refers to depilogue.o(.text) for _double_epilogue
    dfltui.o(.text) refers (Special) to iusefp.o(.text) for __I$use$fp
    dfltui.o(.text) refers to depilogue.o(.text) for _double_epilogue
    dfixi.o(.text) refers (Special) to iusefp.o(.text) for __I$use$fp
    dfixi.o(.text) refers to llushr.o(.text) for __aeabi_llsr
    dfixui.o(.text) refers (Special) to iusefp.o(.text) for __I$use$fp
    dfixui.o(.text) refers to llushr.o(.text) for __aeabi_llsr
    cdcmple.o(.text) refers (Special) to iusefp.o(.text) for __I$use$fp
    entry2.o(.ARM.Collect$$$$00000001) refers to entry2.o(.ARM.Collect$$$$00002712) for __lit__00000000
    entry2.o(.ARM.Collect$$$$00002712) refers to startup_stm32f10x_md.o(STACK) for __initial_sp
    entry2.o(__vectab_stack_and_reset_area) refers to startup_stm32f10x_md.o(STACK) for __initial_sp
    entry2.o(__vectab_stack_and_reset_area) refers to entry.o(.ARM.Collect$$$$00000000) for __main
    entry5.o(.ARM.Collect$$$$00000004) refers to init.o(.text) for __scatterload
    entry9a.o(.ARM.Collect$$$$0000000B) refers to main.o(.text) for main
    entry9b.o(.ARM.Collect$$$$0000000C) refers to main.o(.text) for main
    depilogue.o(.text) refers to llshl.o(.text) for __aeabi_llsl
    depilogue.o(.text) refers to llushr.o(.text) for __aeabi_llsr
    init.o(.text) refers to entry5.o(.ARM.Collect$$$$00000004) for __main_after_scatterload


==============================================================================

Removing Unused input sections from the image.

    Removing main.o(.data), (17408 bytes).
    Removing core_cm3.o(.emb_text), (32 bytes).
    Removing startup_stm32f10x_md.o(HEAP), (512 bytes).

3 unused section(s) (total 17952 bytes) removed from the image.

==============================================================================

Image Symbol Table

    Local Symbols

    Symbol Name                              Value     Ov Type        Size  Object(Section)

    ../clib/../cmprslib/zerorunl2.c          0x00000000   Number         0  __dczerorl2.o ABSOLUTE
    ../clib/microlib/init/entry.s            0x00000000   Number         0  entry8b.o ABSOLUTE
    ../clib/microlib/init/entry.s            0x00000000   Number         0  entry8a.o ABSOLUTE
    ../clib/microlib/init/entry.s            0x00000000   Number         0  entry7a.o ABSOLUTE
    ../clib/microlib/init/entry.s            0x00000000   Number         0  entry5.o ABSOLUTE
    ../clib/microlib/init/entry.s            0x00000000   Number         0  entry7b.o ABSOLUTE
    ../clib/microlib/init/entry.s            0x00000000   Number         0  entry2.o ABSOLUTE
    ../clib/microlib/init/entry.s            0x00000000   Number         0  entry.o ABSOLUTE
    ../clib/microlib/init/entry.s            0x00000000   Number         0  entry11a.o ABSOLUTE
    ../clib/microlib/init/entry.s            0x00000000   Number         0  entry11b.o ABSOLUTE
    ../clib/microlib/init/entry.s            0x00000000   Number         0  entry10b.o ABSOLUTE
    ../clib/microlib/init/entry.s            0x00000000   Number         0  entry10a.o ABSOLUTE
    ../clib/microlib/init/entry.s            0x00000000   Number         0  entry9b.o ABSOLUTE
    ../clib/microlib/init/entry.s            0x00000000   Number         0  entry9a.o ABSOLUTE
    ../clib/microlib/longlong.c              0x00000000   Number         0  llsshr.o ABSOLUTE
    ../clib/microlib/longlong.c              0x00000000   Number         0  llushr.o ABSOLUTE
    ../clib/microlib/longlong.c              0x00000000   Number         0  llshl.o ABSOLUTE
    ../clib/microlib/stubs.s                 0x00000000   Number         0  useno.o ABSOLUTE
    ../clib/microlib/stubs.s                 0x00000000   Number         0  iusefp.o ABSOLUTE
    ../fplib/microlib/fpadd.c                0x00000000   Number         0  dadd.o ABSOLUTE
    ../fplib/microlib/fpepilogue.c           0x00000000   Number         0  depilogue.o ABSOLUTE
    ../fplib/microlib/fpfix.c                0x00000000   Number         0  dfixi.o ABSOLUTE
    ../fplib/microlib/fpfix.c                0x00000000   Number         0  dfixui.o ABSOLUTE
    ../fplib/microlib/fpflt.c                0x00000000   Number         0  dflti.o ABSOLUTE
    ../fplib/microlib/fpflt.c                0x00000000   Number         0  dfltui.o ABSOLUTE
    ../fplib/microlib/fpmul.c                0x00000000   Number         0  dmul.o ABSOLUTE
    ..\CORE\core_cm3.c                       0x00000000   Number         0  core_cm3.o ABSOLUTE
    ..\CORE\startup_stm32f10x_md.s           0x00000000   Number         0  startup_stm32f10x_md.o ABSOLUTE
    ..\HARDWARE\ENCODER\encoder.c            0x00000000   Number         0  encoder.o ABSOLUTE
    ..\HARDWARE\LED\LED.c                    0x00000000   Number         0  led.o ABSOLUTE
    ..\HARDWARE\MOTO\moto.c                  0x00000000   Number         0  moto.o ABSOLUTE
    ..\HARDWARE\OLED\oled.c                  0x00000000   Number         0  oled.o ABSOLUTE
    ..\HARDWARE\TIMER\timer.c                0x00000000   Number         0  timer.o ABSOLUTE
    ..\STM32F10x_FWLib\src\misc.c            0x00000000   Number         0  misc.o ABSOLUTE
    ..\STM32F10x_FWLib\src\stm32f10x_gpio.c  0x00000000   Number         0  stm32f10x_gpio.o ABSOLUTE
    ..\STM32F10x_FWLib\src\stm32f10x_rcc.c   0x00000000   Number         0  stm32f10x_rcc.o ABSOLUTE
    ..\STM32F10x_FWLib\src\stm32f10x_tim.c   0x00000000   Number         0  stm32f10x_tim.o ABSOLUTE
    ..\STM32F10x_FWLib\src\stm32f10x_usart.c 0x00000000   Number         0  stm32f10x_usart.o ABSOLUTE
    ..\SYSTEM\delay\delay.c                  0x00000000   Number         0  delay.o ABSOLUTE
    ..\SYSTEM\sys\sys.c                      0x00000000   Number         0  sys.o ABSOLUTE
    ..\SYSTEM\usart\usart.c                  0x00000000   Number         0  usart.o ABSOLUTE
    ..\\CORE\\core_cm3.c                     0x00000000   Number         0  core_cm3.o ABSOLUTE
    cdcmple.s                                0x00000000   Number         0  cdcmple.o ABSOLUTE
    dc.s                                     0x00000000   Number         0  dc.o ABSOLUTE
    handlers.s                               0x00000000   Number         0  handlers.o ABSOLUTE
    init.s                                   0x00000000   Number         0  init.o ABSOLUTE
    main.c                                   0x00000000   Number         0  main.o ABSOLUTE
    stm32f10x_it.c                           0x00000000   Number         0  stm32f10x_it.o ABSOLUTE
    system_stm32f10x.c                       0x00000000   Number         0  system_stm32f10x.o ABSOLUTE
    RESET                                    0x08000000   Section      236  startup_stm32f10x_md.o(RESET)
    .ARM.Collect$$$$00000000                 0x080000ec   Section        0  entry.o(.ARM.Collect$$$$00000000)
    .ARM.Collect$$$$00000001                 0x080000ec   Section        4  entry2.o(.ARM.Collect$$$$00000001)
    .ARM.Collect$$$$00000004                 0x080000f0   Section        4  entry5.o(.ARM.Collect$$$$00000004)
    .ARM.Collect$$$$00000008                 0x080000f4   Section        0  entry7b.o(.ARM.Collect$$$$00000008)
    .ARM.Collect$$$$0000000A                 0x080000f4   Section        0  entry8b.o(.ARM.Collect$$$$0000000A)
    .ARM.Collect$$$$0000000B                 0x080000f4   Section        8  entry9a.o(.ARM.Collect$$$$0000000B)
    .ARM.Collect$$$$0000000D                 0x080000fc   Section        0  entry10a.o(.ARM.Collect$$$$0000000D)
    .ARM.Collect$$$$0000000F                 0x080000fc   Section        0  entry11a.o(.ARM.Collect$$$$0000000F)
    .ARM.Collect$$$$00002712                 0x080000fc   Section        4  entry2.o(.ARM.Collect$$$$00002712)
    __lit__00000000                          0x080000fc   Data           4  entry2.o(.ARM.Collect$$$$00002712)
    .text                                    0x08000100   Section        0  main.o(.text)
    .text                                    0x080001ac   Section        0  stm32f10x_it.o(.text)
    .text                                    0x080001c8   Section        0  system_stm32f10x.o(.text)
    SetSysClockTo72                          0x080001c9   Thumb Code   214  system_stm32f10x.o(.text)
    SetSysClock                              0x0800029f   Thumb Code     8  system_stm32f10x.o(.text)
    .text                                    0x080003a8   Section        0  led.o(.text)
    .text                                    0x080003fc   Section        0  oled.o(.text)
    .text                                    0x08001148   Section        0  timer.o(.text)
    .text                                    0x080012c8   Section        0  moto.o(.text)
    .text                                    0x0800134c   Section        0  delay.o(.text)
    .text                                    0x08001420   Section        0  sys.o(.text)
    .text                                    0x0800142c   Section        0  usart.o(.text)
    .text                                    0x08001574   Section       36  startup_stm32f10x_md.o(.text)
    .text                                    0x08001598   Section        0  stm32f10x_gpio.o(.text)
    .text                                    0x080018f4   Section        0  stm32f10x_rcc.o(.text)
    .text                                    0x08001c98   Section        0  stm32f10x_usart.o(.text)
    .text                                    0x080020a0   Section        0  misc.o(.text)
    .text                                    0x0800217c   Section        0  stm32f10x_tim.o(.text)
    TI4_Config                               0x08002623   Thumb Code   130  stm32f10x_tim.o(.text)
    TI3_Config                               0x080026b7   Thumb Code   122  stm32f10x_tim.o(.text)
    TI2_Config                               0x0800274b   Thumb Code   130  stm32f10x_tim.o(.text)
    TI1_Config                               0x080027df   Thumb Code   108  stm32f10x_tim.o(.text)
    .text                                    0x08002f98   Section        0  encoder.o(.text)
    .text                                    0x08003138   Section        0  dadd.o(.text)
    .text                                    0x08003286   Section        0  dmul.o(.text)
    .text                                    0x0800336a   Section        0  dflti.o(.text)
    .text                                    0x0800338c   Section        0  dfltui.o(.text)
    .text                                    0x080033a6   Section        0  dfixi.o(.text)
    .text                                    0x080033e4   Section        0  dfixui.o(.text)
    .text                                    0x08003418   Section       48  cdcmple.o(.text)
    .text                                    0x08003448   Section        0  llshl.o(.text)
    .text                                    0x08003466   Section        0  llushr.o(.text)
    .text                                    0x08003486   Section        0  llsshr.o(.text)
    .text                                    0x080034aa   Section        0  iusefp.o(.text)
    .text                                    0x080034aa   Section        0  depilogue.o(.text)
    .text                                    0x08003564   Section       36  init.o(.text)
    .text                                    0x08003588   Section        0  __dczerorl2.o(.text)
    i.__scatterload_copy                     0x080035de   Section       14  handlers.o(i.__scatterload_copy)
    i.__scatterload_null                     0x080035ec   Section        2  handlers.o(i.__scatterload_null)
    i.__scatterload_zeroinit                 0x080035ee   Section       14  handlers.o(i.__scatterload_zeroinit)
    .constdata                               0x080035fc   Section     2072  oled.o(.constdata)
    .data                                    0x20000000   Section       20  system_stm32f10x.o(.data)
    .data                                    0x20000014   Section     1424  oled.o(.data)
    .data                                    0x200005a4   Section        4  delay.o(.data)
    fac_us                                   0x200005a4   Data           1  delay.o(.data)
    fac_ms                                   0x200005a6   Data           2  delay.o(.data)
    .data                                    0x200005a8   Section        6  usart.o(.data)
    .data                                    0x200005ae   Section       20  stm32f10x_rcc.o(.data)
    APBAHBPrescTable                         0x200005ae   Data          16  stm32f10x_rcc.o(.data)
    ADCPrescTable                            0x200005be   Data           4  stm32f10x_rcc.o(.data)
    .bss                                     0x200005c4   Section      200  usart.o(.bss)
    STACK                                    0x20000690   Section     1024  startup_stm32f10x_md.o(STACK)

    Global Symbols

    Symbol Name                              Value     Ov Type        Size  Object(Section)

    BuildAttributes$$THM_ISAv4$P$D$K$B$S$PE$A:L22UL41UL21$X:L11$S22US41US21$IEEE1$IW$USESV6$~STKCKD$USESV7$~SHL$OSPACE$ROPI$EBA8$MICROLIB$REQ8$PRES8$EABIv2 0x00000000   Number         0  anon$$obj.o ABSOLUTE
    __ARM_use_no_argv                        0x00000000   Number         0  main.o ABSOLUTE
    __use_no_errno                           0x00000000   Number         0  useno.o ABSOLUTE
    __use_no_exception_handling              0x00000000   Number         0  useno.o ABSOLUTE
    __use_no_fp                              0x00000000   Number         0  useno.o ABSOLUTE
    __use_no_heap                            0x00000000   Number         0  useno.o ABSOLUTE
    __use_no_heap_region                     0x00000000   Number         0  useno.o ABSOLUTE
    __use_no_semihosting                     0x00000000   Number         0  useno.o ABSOLUTE
    __use_no_semihosting_swi                 0x00000000   Number         0  useno.o ABSOLUTE
    __use_no_signal_handling                 0x00000000   Number         0  useno.o ABSOLUTE
    __cpp_initialize__aeabi_                  - Undefined Weak Reference
    __cxa_finalize                            - Undefined Weak Reference
    _clock_init                               - Undefined Weak Reference
    _microlib_exit                            - Undefined Weak Reference
    __Vectors_Size                           0x000000ec   Number         0  startup_stm32f10x_md.o ABSOLUTE
    __Vectors                                0x08000000   Data           4  startup_stm32f10x_md.o(RESET)
    __Vectors_End                            0x080000ec   Data           0  startup_stm32f10x_md.o(RESET)
    __main                                   0x080000ed   Thumb Code     0  entry.o(.ARM.Collect$$$$00000000)
    _main_stk                                0x080000ed   Thumb Code     0  entry2.o(.ARM.Collect$$$$00000001)
    _main_scatterload                        0x080000f1   Thumb Code     0  entry5.o(.ARM.Collect$$$$00000004)
    __main_after_scatterload                 0x080000f5   Thumb Code     0  entry5.o(.ARM.Collect$$$$00000004)
    _main_clock                              0x080000f5   Thumb Code     0  entry7b.o(.ARM.Collect$$$$00000008)
    _main_cpp_init                           0x080000f5   Thumb Code     0  entry8b.o(.ARM.Collect$$$$0000000A)
    _main_init                               0x080000f5   Thumb Code     0  entry9a.o(.ARM.Collect$$$$0000000B)
    __rt_final_cpp                           0x080000fd   Thumb Code     0  entry10a.o(.ARM.Collect$$$$0000000D)
    __rt_final_exit                          0x080000fd   Thumb Code     0  entry11a.o(.ARM.Collect$$$$0000000F)
    main                                     0x08000101   Thumb Code   166  main.o(.text)
    NMI_Handler                              0x080001ad   Thumb Code     2  stm32f10x_it.o(.text)
    HardFault_Handler                        0x080001af   Thumb Code     4  stm32f10x_it.o(.text)
    MemManage_Handler                        0x080001b3   Thumb Code     4  stm32f10x_it.o(.text)
    BusFault_Handler                         0x080001b7   Thumb Code     4  stm32f10x_it.o(.text)
    UsageFault_Handler                       0x080001bb   Thumb Code     4  stm32f10x_it.o(.text)
    SVC_Handler                              0x080001bf   Thumb Code     2  stm32f10x_it.o(.text)
    DebugMon_Handler                         0x080001c1   Thumb Code     2  stm32f10x_it.o(.text)
    PendSV_Handler                           0x080001c3   Thumb Code     2  stm32f10x_it.o(.text)
    SysTick_Handler                          0x080001c5   Thumb Code     2  stm32f10x_it.o(.text)
    SystemInit                               0x080002a7   Thumb Code    78  system_stm32f10x.o(.text)
    SystemCoreClockUpdate                    0x080002f5   Thumb Code   142  system_stm32f10x.o(.text)
    LED_Init                                 0x080003a9   Thumb Code    50  led.o(.text)
    LED_on                                   0x080003db   Thumb Code    14  led.o(.text)
    LED_off                                  0x080003e9   Thumb Code    14  led.o(.text)
    Delay                                    0x080003fd   Thumb Code    12  oled.o(.text)
    OLED_IIC_Start                           0x08000409   Thumb Code    36  oled.o(.text)
    OLED_IIC_Stop                            0x0800042d   Thumb Code    28  oled.o(.text)
    OLED_IIC_Wait_Ack                        0x08000449   Thumb Code    20  oled.o(.text)
    OLED_Write_IIC_Byte                      0x0800045d   Thumb Code    80  oled.o(.text)
    OLED_Write_IIC_Command                   0x080004ad   Thumb Code    44  oled.o(.text)
    OLED_Write_IIC_Data                      0x080004d9   Thumb Code    44  oled.o(.text)
    OLED_WR_Byte                             0x08000505   Thumb Code    24  oled.o(.text)
    fill_picture                             0x0800051d   Thumb Code    64  oled.o(.text)
    Delay_50ms                               0x0800055d   Thumb Code    22  oled.o(.text)
    Delay_1ms                                0x08000573   Thumb Code    26  oled.o(.text)
    OLED_Set_Pos                             0x0800058d   Thumb Code    40  oled.o(.text)
    OLED_Display_On                          0x080005b5   Thumb Code    28  oled.o(.text)
    OLED_Display_Off                         0x080005d1   Thumb Code    28  oled.o(.text)
    OLED_Clear                               0x080005ed   Thumb Code    62  oled.o(.text)
    OLED_On                                  0x0800062b   Thumb Code    62  oled.o(.text)
    OLED_ShowChar                            0x08000669   Thumb Code   154  oled.o(.text)
    oled_pow                                 0x08000703   Thumb Code    22  oled.o(.text)
    OLED_ShowNumber                          0x08000719   Thumb Code   136  oled.o(.text)
    OLED_ShowString                          0x080007a1   Thumb Code    54  oled.o(.text)
    OLED_ShowCHinese16x16                    0x080007d7   Thumb Code   100  oled.o(.text)
    OLED_DrawBMP                             0x0800083b   Thumb Code   118  oled.o(.text)
    OLED_Float                               0x080008b1   Thumb Code   442  oled.o(.text)
    OLED_Float2                              0x08000a6b   Thumb Code   356  oled.o(.text)
    OLED_Num_write                           0x08000bcf   Thumb Code    62  oled.o(.text)
    OLED_fuhao_write                         0x08000c0d   Thumb Code    58  oled.o(.text)
    OLED_Num2                                0x08000c47   Thumb Code   156  oled.o(.text)
    OLED_Num3                                0x08000ce3   Thumb Code   212  oled.o(.text)
    OLED_Num4                                0x08000db7   Thumb Code   134  oled.o(.text)
    OLED_Num5                                0x08000e3d   Thumb Code   152  oled.o(.text)
    OLED_Init                                0x08000ed5   Thumb Code   278  oled.o(.text)
    display                                  0x08000feb   Thumb Code    88  oled.o(.text)
    wenandisplay                             0x08001043   Thumb Code   244  oled.o(.text)
    TIM3_Int_Init                            0x08001149   Thumb Code    90  timer.o(.text)
    TIM3_IRQHandler                          0x080011a3   Thumb Code    38  timer.o(.text)
    TIM3_PWM2_Init                           0x080011c9   Thumb Code   122  timer.o(.text)
    TIM3_PWM1_Init                           0x08001243   Thumb Code   122  timer.o(.text)
    moto_Init                                0x080012c9   Thumb Code    46  moto.o(.text)
    moto1_foward                             0x080012f7   Thumb Code    20  moto.o(.text)
    moto1_back                               0x0800130b   Thumb Code    20  moto.o(.text)
    moto2_foward                             0x0800131f   Thumb Code    20  moto.o(.text)
    moto2_back                               0x08001333   Thumb Code    20  moto.o(.text)
    delay_init                               0x0800134d   Thumb Code    50  delay.o(.text)
    delay_us                                 0x0800137f   Thumb Code    72  delay.o(.text)
    delay_ms                                 0x080013c7   Thumb Code    72  delay.o(.text)
    NVIC_Configuration                       0x08001421   Thumb Code    12  sys.o(.text)
    _sys_exit                                0x0800142d   Thumb Code     6  usart.o(.text)
    fputc                                    0x08001433   Thumb Code    24  usart.o(.text)
    uart_init                                0x0800144b   Thumb Code   158  usart.o(.text)
    USART1_IRQHandler                        0x080014e9   Thumb Code   122  usart.o(.text)
    Reset_Handler                            0x08001575   Thumb Code     8  startup_stm32f10x_md.o(.text)
    ADC1_2_IRQHandler                        0x0800158f   Thumb Code     0  startup_stm32f10x_md.o(.text)
    CAN1_RX1_IRQHandler                      0x0800158f   Thumb Code     0  startup_stm32f10x_md.o(.text)
    CAN1_SCE_IRQHandler                      0x0800158f   Thumb Code     0  startup_stm32f10x_md.o(.text)
    DMA1_Channel1_IRQHandler                 0x0800158f   Thumb Code     0  startup_stm32f10x_md.o(.text)
    DMA1_Channel2_IRQHandler                 0x0800158f   Thumb Code     0  startup_stm32f10x_md.o(.text)
    DMA1_Channel3_IRQHandler                 0x0800158f   Thumb Code     0  startup_stm32f10x_md.o(.text)
    DMA1_Channel4_IRQHandler                 0x0800158f   Thumb Code     0  startup_stm32f10x_md.o(.text)
    DMA1_Channel5_IRQHandler                 0x0800158f   Thumb Code     0  startup_stm32f10x_md.o(.text)
    DMA1_Channel6_IRQHandler                 0x0800158f   Thumb Code     0  startup_stm32f10x_md.o(.text)
    DMA1_Channel7_IRQHandler                 0x0800158f   Thumb Code     0  startup_stm32f10x_md.o(.text)
    EXTI0_IRQHandler                         0x0800158f   Thumb Code     0  startup_stm32f10x_md.o(.text)
    EXTI15_10_IRQHandler                     0x0800158f   Thumb Code     0  startup_stm32f10x_md.o(.text)
    EXTI1_IRQHandler                         0x0800158f   Thumb Code     0  startup_stm32f10x_md.o(.text)
    EXTI2_IRQHandler                         0x0800158f   Thumb Code     0  startup_stm32f10x_md.o(.text)
    EXTI3_IRQHandler                         0x0800158f   Thumb Code     0  startup_stm32f10x_md.o(.text)
    EXTI4_IRQHandler                         0x0800158f   Thumb Code     0  startup_stm32f10x_md.o(.text)
    EXTI9_5_IRQHandler                       0x0800158f   Thumb Code     0  startup_stm32f10x_md.o(.text)
    FLASH_IRQHandler                         0x0800158f   Thumb Code     0  startup_stm32f10x_md.o(.text)
    I2C1_ER_IRQHandler                       0x0800158f   Thumb Code     0  startup_stm32f10x_md.o(.text)
    I2C1_EV_IRQHandler                       0x0800158f   Thumb Code     0  startup_stm32f10x_md.o(.text)
    I2C2_ER_IRQHandler                       0x0800158f   Thumb Code     0  startup_stm32f10x_md.o(.text)
    I2C2_EV_IRQHandler                       0x0800158f   Thumb Code     0  startup_stm32f10x_md.o(.text)
    PVD_IRQHandler                           0x0800158f   Thumb Code     0  startup_stm32f10x_md.o(.text)
    RCC_IRQHandler                           0x0800158f   Thumb Code     0  startup_stm32f10x_md.o(.text)
    RTCAlarm_IRQHandler                      0x0800158f   Thumb Code     0  startup_stm32f10x_md.o(.text)
    RTC_IRQHandler                           0x0800158f   Thumb Code     0  startup_stm32f10x_md.o(.text)
    SPI1_IRQHandler                          0x0800158f   Thumb Code     0  startup_stm32f10x_md.o(.text)
    SPI2_IRQHandler                          0x0800158f   Thumb Code     0  startup_stm32f10x_md.o(.text)
    TAMPER_IRQHandler                        0x0800158f   Thumb Code     0  startup_stm32f10x_md.o(.text)
    TIM1_BRK_IRQHandler                      0x0800158f   Thumb Code     0  startup_stm32f10x_md.o(.text)
    TIM1_CC_IRQHandler                       0x0800158f   Thumb Code     0  startup_stm32f10x_md.o(.text)
    TIM1_TRG_COM_IRQHandler                  0x0800158f   Thumb Code     0  startup_stm32f10x_md.o(.text)
    TIM1_UP_IRQHandler                       0x0800158f   Thumb Code     0  startup_stm32f10x_md.o(.text)
    USART2_IRQHandler                        0x0800158f   Thumb Code     0  startup_stm32f10x_md.o(.text)
    USART3_IRQHandler                        0x0800158f   Thumb Code     0  startup_stm32f10x_md.o(.text)
    USBWakeUp_IRQHandler                     0x0800158f   Thumb Code     0  startup_stm32f10x_md.o(.text)
    USB_HP_CAN1_TX_IRQHandler                0x0800158f   Thumb Code     0  startup_stm32f10x_md.o(.text)
    USB_LP_CAN1_RX0_IRQHandler               0x0800158f   Thumb Code     0  startup_stm32f10x_md.o(.text)
    WWDG_IRQHandler                          0x0800158f   Thumb Code     0  startup_stm32f10x_md.o(.text)
    GPIO_DeInit                              0x08001599   Thumb Code   172  stm32f10x_gpio.o(.text)
    GPIO_AFIODeInit                          0x08001645   Thumb Code    20  stm32f10x_gpio.o(.text)
    GPIO_Init                                0x08001659   Thumb Code   278  stm32f10x_gpio.o(.text)
    GPIO_StructInit                          0x0800176f   Thumb Code    16  stm32f10x_gpio.o(.text)
    GPIO_ReadInputDataBit                    0x0800177f   Thumb Code    18  stm32f10x_gpio.o(.text)
    GPIO_ReadInputData                       0x08001791   Thumb Code     8  stm32f10x_gpio.o(.text)
    GPIO_ReadOutputDataBit                   0x08001799   Thumb Code    18  stm32f10x_gpio.o(.text)
    GPIO_ReadOutputData                      0x080017ab   Thumb Code     8  stm32f10x_gpio.o(.text)
    GPIO_SetBits                             0x080017b3   Thumb Code     4  stm32f10x_gpio.o(.text)
    GPIO_ResetBits                           0x080017b7   Thumb Code     4  stm32f10x_gpio.o(.text)
    GPIO_WriteBit                            0x080017bb   Thumb Code    10  stm32f10x_gpio.o(.text)
    GPIO_Write                               0x080017c5   Thumb Code     4  stm32f10x_gpio.o(.text)
    GPIO_PinLockConfig                       0x080017c9   Thumb Code    18  stm32f10x_gpio.o(.text)
    GPIO_EventOutputConfig                   0x080017db   Thumb Code    26  stm32f10x_gpio.o(.text)
    GPIO_EventOutputCmd                      0x080017f5   Thumb Code     6  stm32f10x_gpio.o(.text)
    GPIO_PinRemapConfig                      0x080017fb   Thumb Code   138  stm32f10x_gpio.o(.text)
    GPIO_EXTILineConfig                      0x08001885   Thumb Code    66  stm32f10x_gpio.o(.text)
    GPIO_ETH_MediaInterfaceConfig            0x080018c7   Thumb Code     8  stm32f10x_gpio.o(.text)
    RCC_DeInit                               0x080018f5   Thumb Code    64  stm32f10x_rcc.o(.text)
    RCC_HSEConfig                            0x08001935   Thumb Code    70  stm32f10x_rcc.o(.text)
    RCC_GetFlagStatus                        0x0800197b   Thumb Code    56  stm32f10x_rcc.o(.text)
    RCC_WaitForHSEStartUp                    0x080019b3   Thumb Code    56  stm32f10x_rcc.o(.text)
    RCC_AdjustHSICalibrationValue            0x080019eb   Thumb Code    20  stm32f10x_rcc.o(.text)
    RCC_HSICmd                               0x080019ff   Thumb Code     6  stm32f10x_rcc.o(.text)
    RCC_PLLConfig                            0x08001a05   Thumb Code    24  stm32f10x_rcc.o(.text)
    RCC_PLLCmd                               0x08001a1d   Thumb Code     6  stm32f10x_rcc.o(.text)
    RCC_SYSCLKConfig                         0x08001a23   Thumb Code    18  stm32f10x_rcc.o(.text)
    RCC_GetSYSCLKSource                      0x08001a35   Thumb Code    10  stm32f10x_rcc.o(.text)
    RCC_HCLKConfig                           0x08001a3f   Thumb Code    18  stm32f10x_rcc.o(.text)
    RCC_PCLK1Config                          0x08001a51   Thumb Code    18  stm32f10x_rcc.o(.text)
    RCC_PCLK2Config                          0x08001a63   Thumb Code    20  stm32f10x_rcc.o(.text)
    RCC_ITConfig                             0x08001a77   Thumb Code    26  stm32f10x_rcc.o(.text)
    RCC_USBCLKConfig                         0x08001a91   Thumb Code     8  stm32f10x_rcc.o(.text)
    RCC_ADCCLKConfig                         0x08001a99   Thumb Code    18  stm32f10x_rcc.o(.text)
    RCC_LSEConfig                            0x08001aab   Thumb Code    50  stm32f10x_rcc.o(.text)
    RCC_LSICmd                               0x08001add   Thumb Code     6  stm32f10x_rcc.o(.text)
    RCC_RTCCLKConfig                         0x08001ae3   Thumb Code    12  stm32f10x_rcc.o(.text)
    RCC_RTCCLKCmd                            0x08001aef   Thumb Code     8  stm32f10x_rcc.o(.text)
    RCC_GetClocksFreq                        0x08001af7   Thumb Code   192  stm32f10x_rcc.o(.text)
    RCC_AHBPeriphClockCmd                    0x08001bb7   Thumb Code    26  stm32f10x_rcc.o(.text)
    RCC_APB2PeriphClockCmd                   0x08001bd1   Thumb Code    26  stm32f10x_rcc.o(.text)
    RCC_APB1PeriphClockCmd                   0x08001beb   Thumb Code    26  stm32f10x_rcc.o(.text)
    RCC_APB2PeriphResetCmd                   0x08001c05   Thumb Code    26  stm32f10x_rcc.o(.text)
    RCC_APB1PeriphResetCmd                   0x08001c1f   Thumb Code    26  stm32f10x_rcc.o(.text)
    RCC_BackupResetCmd                       0x08001c39   Thumb Code     8  stm32f10x_rcc.o(.text)
    RCC_ClockSecuritySystemCmd               0x08001c41   Thumb Code     6  stm32f10x_rcc.o(.text)
    RCC_MCOConfig                            0x08001c47   Thumb Code     6  stm32f10x_rcc.o(.text)
    RCC_ClearFlag                            0x08001c4d   Thumb Code    14  stm32f10x_rcc.o(.text)
    RCC_GetITStatus                          0x08001c5b   Thumb Code    20  stm32f10x_rcc.o(.text)
    RCC_ClearITPendingBit                    0x08001c6f   Thumb Code     6  stm32f10x_rcc.o(.text)
    USART_DeInit                             0x08001c99   Thumb Code   134  stm32f10x_usart.o(.text)
    USART_Init                               0x08001d1f   Thumb Code   210  stm32f10x_usart.o(.text)
    USART_StructInit                         0x08001df1   Thumb Code    24  stm32f10x_usart.o(.text)
    USART_ClockInit                          0x08001e09   Thumb Code    34  stm32f10x_usart.o(.text)
    USART_ClockStructInit                    0x08001e2b   Thumb Code    12  stm32f10x_usart.o(.text)
    USART_Cmd                                0x08001e37   Thumb Code    24  stm32f10x_usart.o(.text)
    USART_ITConfig                           0x08001e4f   Thumb Code    74  stm32f10x_usart.o(.text)
    USART_DMACmd                             0x08001e99   Thumb Code    18  stm32f10x_usart.o(.text)
    USART_SetAddress                         0x08001eab   Thumb Code    18  stm32f10x_usart.o(.text)
    USART_WakeUpConfig                       0x08001ebd   Thumb Code    18  stm32f10x_usart.o(.text)
    USART_ReceiverWakeUpCmd                  0x08001ecf   Thumb Code    24  stm32f10x_usart.o(.text)
    USART_LINBreakDetectLengthConfig         0x08001ee7   Thumb Code    18  stm32f10x_usart.o(.text)
    USART_LINCmd                             0x08001ef9   Thumb Code    24  stm32f10x_usart.o(.text)
    USART_SendData                           0x08001f11   Thumb Code     8  stm32f10x_usart.o(.text)
    USART_ReceiveData                        0x08001f19   Thumb Code    10  stm32f10x_usart.o(.text)
    USART_SendBreak                          0x08001f23   Thumb Code    10  stm32f10x_usart.o(.text)
    USART_SetGuardTime                       0x08001f2d   Thumb Code    16  stm32f10x_usart.o(.text)
    USART_SetPrescaler                       0x08001f3d   Thumb Code    16  stm32f10x_usart.o(.text)
    USART_SmartCardCmd                       0x08001f4d   Thumb Code    24  stm32f10x_usart.o(.text)
    USART_SmartCardNACKCmd                   0x08001f65   Thumb Code    24  stm32f10x_usart.o(.text)
    USART_HalfDuplexCmd                      0x08001f7d   Thumb Code    24  stm32f10x_usart.o(.text)
    USART_OverSampling8Cmd                   0x08001f95   Thumb Code    22  stm32f10x_usart.o(.text)
    USART_OneBitMethodCmd                    0x08001fab   Thumb Code    24  stm32f10x_usart.o(.text)
    USART_IrDAConfig                         0x08001fc3   Thumb Code    18  stm32f10x_usart.o(.text)
    USART_IrDACmd                            0x08001fd5   Thumb Code    24  stm32f10x_usart.o(.text)
    USART_GetFlagStatus                      0x08001fed   Thumb Code    26  stm32f10x_usart.o(.text)
    USART_ClearFlag                          0x08002007   Thumb Code    18  stm32f10x_usart.o(.text)
    USART_GetITStatus                        0x08002019   Thumb Code    84  stm32f10x_usart.o(.text)
    USART_ClearITPendingBit                  0x0800206d   Thumb Code    52  stm32f10x_usart.o(.text)
    NVIC_PriorityGroupConfig                 0x080020a1   Thumb Code    10  misc.o(.text)
    NVIC_Init                                0x080020ab   Thumb Code   100  misc.o(.text)
    NVIC_SetVectorTable                      0x0800210f   Thumb Code    14  misc.o(.text)
    NVIC_SystemLPConfig                      0x0800211d   Thumb Code    34  misc.o(.text)
    SysTick_CLKSourceConfig                  0x0800213f   Thumb Code    40  misc.o(.text)
    TIM_DeInit                               0x0800217d   Thumb Code   424  stm32f10x_tim.o(.text)
    TIM_TimeBaseInit                         0x08002325   Thumb Code   122  stm32f10x_tim.o(.text)
    TIM_OC1Init                              0x0800239f   Thumb Code   132  stm32f10x_tim.o(.text)
    TIM_OC2Init                              0x08002423   Thumb Code   154  stm32f10x_tim.o(.text)
    TIM_OC3Init                              0x080024bd   Thumb Code   150  stm32f10x_tim.o(.text)
    TIM_OC4Init                              0x08002553   Thumb Code   182  stm32f10x_tim.o(.text)
    TIM_SetIC4Prescaler                      0x08002609   Thumb Code    26  stm32f10x_tim.o(.text)
    TIM_SetIC3Prescaler                      0x080026a5   Thumb Code    18  stm32f10x_tim.o(.text)
    TIM_SetIC2Prescaler                      0x08002731   Thumb Code    26  stm32f10x_tim.o(.text)
    TIM_SetIC1Prescaler                      0x080027cd   Thumb Code    18  stm32f10x_tim.o(.text)
    TIM_ICInit                               0x0800284b   Thumb Code   150  stm32f10x_tim.o(.text)
    TIM_PWMIConfig                           0x080028e1   Thumb Code   124  stm32f10x_tim.o(.text)
    TIM_BDTRConfig                           0x0800295d   Thumb Code    32  stm32f10x_tim.o(.text)
    TIM_TimeBaseStructInit                   0x0800297d   Thumb Code    18  stm32f10x_tim.o(.text)
    TIM_OCStructInit                         0x0800298f   Thumb Code    20  stm32f10x_tim.o(.text)
    TIM_ICStructInit                         0x080029a3   Thumb Code    18  stm32f10x_tim.o(.text)
    TIM_BDTRStructInit                       0x080029b5   Thumb Code    40  stm32f10x_tim.o(.text)
    TIM_Cmd                                  0x080029dd   Thumb Code    24  stm32f10x_tim.o(.text)
    TIM_CtrlPWMOutputs                       0x080029f5   Thumb Code    30  stm32f10x_tim.o(.text)
    TIM_ITConfig                             0x08002a13   Thumb Code    18  stm32f10x_tim.o(.text)
    TIM_GenerateEvent                        0x08002a25   Thumb Code     4  stm32f10x_tim.o(.text)
    TIM_DMAConfig                            0x08002a29   Thumb Code    10  stm32f10x_tim.o(.text)
    TIM_DMACmd                               0x08002a33   Thumb Code    18  stm32f10x_tim.o(.text)
    TIM_InternalClockConfig                  0x08002a45   Thumb Code    12  stm32f10x_tim.o(.text)
    TIM_SelectInputTrigger                   0x08002a51   Thumb Code    18  stm32f10x_tim.o(.text)
    TIM_ITRxExternalClockConfig              0x08002a63   Thumb Code    24  stm32f10x_tim.o(.text)
    TIM_TIxExternalClockConfig               0x08002a7b   Thumb Code    62  stm32f10x_tim.o(.text)
    TIM_ETRConfig                            0x08002ab9   Thumb Code    28  stm32f10x_tim.o(.text)
    TIM_ETRClockMode1Config                  0x08002ad5   Thumb Code    54  stm32f10x_tim.o(.text)
    TIM_ETRClockMode2Config                  0x08002b0b   Thumb Code    32  stm32f10x_tim.o(.text)
    TIM_PrescalerConfig                      0x08002b2b   Thumb Code     6  stm32f10x_tim.o(.text)
    TIM_CounterModeConfig                    0x08002b31   Thumb Code    18  stm32f10x_tim.o(.text)
    TIM_EncoderInterfaceConfig               0x08002b43   Thumb Code    66  stm32f10x_tim.o(.text)
    TIM_ForcedOC1Config                      0x08002b85   Thumb Code    18  stm32f10x_tim.o(.text)
    TIM_ForcedOC2Config                      0x08002b97   Thumb Code    26  stm32f10x_tim.o(.text)
    TIM_ForcedOC3Config                      0x08002bb1   Thumb Code    18  stm32f10x_tim.o(.text)
    TIM_ForcedOC4Config                      0x08002bc3   Thumb Code    26  stm32f10x_tim.o(.text)
    TIM_ARRPreloadConfig                     0x08002bdd   Thumb Code    24  stm32f10x_tim.o(.text)
    TIM_SelectCOM                            0x08002bf5   Thumb Code    24  stm32f10x_tim.o(.text)
    TIM_SelectCCDMA                          0x08002c0d   Thumb Code    24  stm32f10x_tim.o(.text)
    TIM_CCPreloadControl                     0x08002c25   Thumb Code    24  stm32f10x_tim.o(.text)
    TIM_OC1PreloadConfig                     0x08002c3d   Thumb Code    18  stm32f10x_tim.o(.text)
    TIM_OC2PreloadConfig                     0x08002c4f   Thumb Code    26  stm32f10x_tim.o(.text)
    TIM_OC3PreloadConfig                     0x08002c69   Thumb Code    18  stm32f10x_tim.o(.text)
    TIM_OC4PreloadConfig                     0x08002c7b   Thumb Code    26  stm32f10x_tim.o(.text)
    TIM_OC1FastConfig                        0x08002c95   Thumb Code    18  stm32f10x_tim.o(.text)
    TIM_OC2FastConfig                        0x08002ca7   Thumb Code    26  stm32f10x_tim.o(.text)
    TIM_OC3FastConfig                        0x08002cc1   Thumb Code    18  stm32f10x_tim.o(.text)
    TIM_OC4FastConfig                        0x08002cd3   Thumb Code    26  stm32f10x_tim.o(.text)
    TIM_ClearOC1Ref                          0x08002ced   Thumb Code    18  stm32f10x_tim.o(.text)
    TIM_ClearOC2Ref                          0x08002cff   Thumb Code    24  stm32f10x_tim.o(.text)
    TIM_ClearOC3Ref                          0x08002d17   Thumb Code    18  stm32f10x_tim.o(.text)
    TIM_ClearOC4Ref                          0x08002d29   Thumb Code    24  stm32f10x_tim.o(.text)
    TIM_OC1PolarityConfig                    0x08002d41   Thumb Code    18  stm32f10x_tim.o(.text)
    TIM_OC1NPolarityConfig                   0x08002d53   Thumb Code    18  stm32f10x_tim.o(.text)
    TIM_OC2PolarityConfig                    0x08002d65   Thumb Code    26  stm32f10x_tim.o(.text)
    TIM_OC2NPolarityConfig                   0x08002d7f   Thumb Code    26  stm32f10x_tim.o(.text)
    TIM_OC3PolarityConfig                    0x08002d99   Thumb Code    26  stm32f10x_tim.o(.text)
    TIM_OC3NPolarityConfig                   0x08002db3   Thumb Code    26  stm32f10x_tim.o(.text)
    TIM_OC4PolarityConfig                    0x08002dcd   Thumb Code    26  stm32f10x_tim.o(.text)
    TIM_CCxCmd                               0x08002de7   Thumb Code    30  stm32f10x_tim.o(.text)
    TIM_CCxNCmd                              0x08002e05   Thumb Code    30  stm32f10x_tim.o(.text)
    TIM_SelectOCxM                           0x08002e23   Thumb Code    82  stm32f10x_tim.o(.text)
    TIM_UpdateDisableConfig                  0x08002e75   Thumb Code    24  stm32f10x_tim.o(.text)
    TIM_UpdateRequestConfig                  0x08002e8d   Thumb Code    24  stm32f10x_tim.o(.text)
    TIM_SelectHallSensor                     0x08002ea5   Thumb Code    24  stm32f10x_tim.o(.text)
    TIM_SelectOnePulseMode                   0x08002ebd   Thumb Code    18  stm32f10x_tim.o(.text)
    TIM_SelectOutputTrigger                  0x08002ecf   Thumb Code    18  stm32f10x_tim.o(.text)
    TIM_SelectSlaveMode                      0x08002ee1   Thumb Code    18  stm32f10x_tim.o(.text)
    TIM_SelectMasterSlaveMode                0x08002ef3   Thumb Code    18  stm32f10x_tim.o(.text)
    TIM_SetCounter                           0x08002f05   Thumb Code     4  stm32f10x_tim.o(.text)
    TIM_SetAutoreload                        0x08002f09   Thumb Code     4  stm32f10x_tim.o(.text)
    TIM_SetCompare1                          0x08002f0d   Thumb Code     4  stm32f10x_tim.o(.text)
    TIM_SetCompare2                          0x08002f11   Thumb Code     4  stm32f10x_tim.o(.text)
    TIM_SetCompare3                          0x08002f15   Thumb Code     4  stm32f10x_tim.o(.text)
    TIM_SetCompare4                          0x08002f19   Thumb Code     6  stm32f10x_tim.o(.text)
    TIM_SetClockDivision                     0x08002f1f   Thumb Code    18  stm32f10x_tim.o(.text)
    TIM_GetCapture1                          0x08002f31   Thumb Code     6  stm32f10x_tim.o(.text)
    TIM_GetCapture2                          0x08002f37   Thumb Code     6  stm32f10x_tim.o(.text)
    TIM_GetCapture3                          0x08002f3d   Thumb Code     6  stm32f10x_tim.o(.text)
    TIM_GetCapture4                          0x08002f43   Thumb Code     8  stm32f10x_tim.o(.text)
    TIM_GetCounter                           0x08002f4b   Thumb Code     6  stm32f10x_tim.o(.text)
    TIM_GetPrescaler                         0x08002f51   Thumb Code     6  stm32f10x_tim.o(.text)
    TIM_GetFlagStatus                        0x08002f57   Thumb Code    18  stm32f10x_tim.o(.text)
    TIM_ClearFlag                            0x08002f69   Thumb Code     6  stm32f10x_tim.o(.text)
    TIM_GetITStatus                          0x08002f6f   Thumb Code    34  stm32f10x_tim.o(.text)
    TIM_ClearITPendingBit                    0x08002f91   Thumb Code     6  stm32f10x_tim.o(.text)
    Encoder_Init_TIM2                        0x08002f99   Thumb Code   154  encoder.o(.text)
    Encoder_Init_TIM4                        0x08003033   Thumb Code   150  encoder.o(.text)
    TIM2_IRQHandler                          0x080030c9   Thumb Code    24  encoder.o(.text)
    TIM4_IRQHandler                          0x080030e1   Thumb Code    24  encoder.o(.text)
    Read_Encoder                             0x080030f9   Thumb Code    52  encoder.o(.text)
    __aeabi_dadd                             0x08003139   Thumb Code   322  dadd.o(.text)
    __aeabi_dsub                             0x0800327b   Thumb Code     6  dadd.o(.text)
    __aeabi_drsub                            0x08003281   Thumb Code     6  dadd.o(.text)
    __aeabi_dmul                             0x08003287   Thumb Code   228  dmul.o(.text)
    __aeabi_i2d                              0x0800336b   Thumb Code    34  dflti.o(.text)
    __aeabi_ui2d                             0x0800338d   Thumb Code    26  dfltui.o(.text)
    __aeabi_d2iz                             0x080033a7   Thumb Code    62  dfixi.o(.text)
    __aeabi_d2uiz                            0x080033e5   Thumb Code    50  dfixui.o(.text)
    __aeabi_cdcmpeq                          0x08003419   Thumb Code     0  cdcmple.o(.text)
    __aeabi_cdcmple                          0x08003419   Thumb Code    48  cdcmple.o(.text)
    __aeabi_llsl                             0x08003449   Thumb Code    30  llshl.o(.text)
    _ll_shift_l                              0x08003449   Thumb Code     0  llshl.o(.text)
    __aeabi_llsr                             0x08003467   Thumb Code    32  llushr.o(.text)
    _ll_ushift_r                             0x08003467   Thumb Code     0  llushr.o(.text)
    __aeabi_lasr                             0x08003487   Thumb Code    36  llsshr.o(.text)
    _ll_sshift_r                             0x08003487   Thumb Code     0  llsshr.o(.text)
    __I$use$fp                               0x080034ab   Thumb Code     0  iusefp.o(.text)
    _double_round                            0x080034ab   Thumb Code    30  depilogue.o(.text)
    _double_epilogue                         0x080034c9   Thumb Code   156  depilogue.o(.text)
    __scatterload                            0x08003565   Thumb Code    28  init.o(.text)
    __scatterload_rt2                        0x08003565   Thumb Code     0  init.o(.text)
    __decompress                             0x08003589   Thumb Code     0  __dczerorl2.o(.text)
    __decompress1                            0x08003589   Thumb Code    86  __dczerorl2.o(.text)
    __scatterload_copy                       0x080035df   Thumb Code    14  handlers.o(i.__scatterload_copy)
    __scatterload_null                       0x080035ed   Thumb Code     2  handlers.o(i.__scatterload_null)
    __scatterload_zeroinit                   0x080035ef   Thumb Code    14  handlers.o(i.__scatterload_zeroinit)
    F6x8                                     0x080035fc   Data         552  oled.o(.constdata)
    F8X16                                    0x08003824   Data        1520  oled.o(.constdata)
    Region$$Table$$Base                      0x08003e14   Number         0  anon$$obj.o(Region$$Table)
    Region$$Table$$Limit                     0x08003e34   Number         0  anon$$obj.o(Region$$Table)
    SystemCoreClock                          0x20000000   Data           4  system_stm32f10x.o(.data)
    AHBPrescTable                            0x20000004   Data          16  system_stm32f10x.o(.data)
    Hzk                                      0x20000014   Data         896  oled.o(.data)
    LOGO                                     0x20000394   Data         128  oled.o(.data)
    wenan                                    0x20000414   Data         400  oled.o(.data)
    __stdout                                 0x200005a8   Data           4  usart.o(.data)
    USART_RX_STA                             0x200005ac   Data           2  usart.o(.data)
    USART_RX_BUF                             0x200005c4   Data         200  usart.o(.bss)
    __initial_sp                             0x20000a90   Data           0  startup_stm32f10x_md.o(STACK)



==============================================================================

Memory Map of the image

  Image Entry point : 0x080000ed

  Load Region LR_IROM1 (Base: 0x08000000, Size: 0x000043f8, Max: 0x00010000, ABSOLUTE, COMPRESSED[0x00004120])

    Execution Region ER_IROM1 (Base: 0x08000000, Size: 0x00003e34, Max: 0x00010000, ABSOLUTE)

    Base Addr    Size         Type   Attr      Idx    E Section Name        Object

    0x08000000   0x000000ec   Data   RO          255    RESET               startup_stm32f10x_md.o
    0x080000ec   0x00000000   Code   RO          334  * .ARM.Collect$$$$00000000  mc_w.l(entry.o)
    0x080000ec   0x00000004   Code   RO          351    .ARM.Collect$$$$00000001  mc_w.l(entry2.o)
    0x080000f0   0x00000004   Code   RO          354    .ARM.Collect$$$$00000004  mc_w.l(entry5.o)
    0x080000f4   0x00000000   Code   RO          356    .ARM.Collect$$$$00000008  mc_w.l(entry7b.o)
    0x080000f4   0x00000000   Code   RO          358    .ARM.Collect$$$$0000000A  mc_w.l(entry8b.o)
    0x080000f4   0x00000008   Code   RO          359    .ARM.Collect$$$$0000000B  mc_w.l(entry9a.o)
    0x080000fc   0x00000000   Code   RO          361    .ARM.Collect$$$$0000000D  mc_w.l(entry10a.o)
    0x080000fc   0x00000000   Code   RO          363    .ARM.Collect$$$$0000000F  mc_w.l(entry11a.o)
    0x080000fc   0x00000004   Code   RO          352    .ARM.Collect$$$$00002712  mc_w.l(entry2.o)
    0x08000100   0x000000ac   Code   RO            1    .text               main.o
    0x080001ac   0x0000001a   Code   RO           82    .text               stm32f10x_it.o
    0x080001c6   0x00000002   PAD
    0x080001c8   0x000001e0   Code   RO          114    .text               system_stm32f10x.o
    0x080003a8   0x00000054   Code   RO          132    .text               led.o
    0x080003fc   0x00000d4c   Code   RO          144    .text               oled.o
    0x08001148   0x00000180   Code   RO          166    .text               timer.o
    0x080012c8   0x00000084   Code   RO          181    .text               moto.o
    0x0800134c   0x000000d4   Code   RO          193    .text               delay.o
    0x08001420   0x0000000c   Code   RO          207    .text               sys.o
    0x0800142c   0x00000148   Code   RO          219    .text               usart.o
    0x08001574   0x00000024   Code   RO          256    .text               startup_stm32f10x_md.o
    0x08001598   0x0000035c   Code   RO          260    .text               stm32f10x_gpio.o
    0x080018f4   0x000003a4   Code   RO          272    .text               stm32f10x_rcc.o
    0x08001c98   0x00000408   Code   RO          286    .text               stm32f10x_usart.o
    0x080020a0   0x000000dc   Code   RO          298    .text               misc.o
    0x0800217c   0x00000e1a   Code   RO          310    .text               stm32f10x_tim.o
    0x08002f96   0x00000002   PAD
    0x08002f98   0x000001a0   Code   RO          322    .text               encoder.o
    0x08003138   0x0000014e   Code   RO          337    .text               mf_w.l(dadd.o)
    0x08003286   0x000000e4   Code   RO          339    .text               mf_w.l(dmul.o)
    0x0800336a   0x00000022   Code   RO          341    .text               mf_w.l(dflti.o)
    0x0800338c   0x0000001a   Code   RO          343    .text               mf_w.l(dfltui.o)
    0x080033a6   0x0000003e   Code   RO          345    .text               mf_w.l(dfixi.o)
    0x080033e4   0x00000032   Code   RO          347    .text               mf_w.l(dfixui.o)
    0x08003416   0x00000002   PAD
    0x08003418   0x00000030   Code   RO          349    .text               mf_w.l(cdcmple.o)
    0x08003448   0x0000001e   Code   RO          365    .text               mc_w.l(llshl.o)
    0x08003466   0x00000020   Code   RO          367    .text               mc_w.l(llushr.o)
    0x08003486   0x00000024   Code   RO          369    .text               mc_w.l(llsshr.o)
    0x080034aa   0x00000000   Code   RO          371    .text               mc_w.l(iusefp.o)
    0x080034aa   0x000000ba   Code   RO          372    .text               mf_w.l(depilogue.o)
    0x08003564   0x00000024   Code   RO          374    .text               mc_w.l(init.o)
    0x08003588   0x00000056   Code   RO          384    .text               mc_w.l(__dczerorl2.o)
    0x080035de   0x0000000e   Code   RO          378    i.__scatterload_copy  mc_w.l(handlers.o)
    0x080035ec   0x00000002   Code   RO          379    i.__scatterload_null  mc_w.l(handlers.o)
    0x080035ee   0x0000000e   Code   RO          380    i.__scatterload_zeroinit  mc_w.l(handlers.o)
    0x080035fc   0x00000818   Data   RO          145    .constdata          oled.o
    0x08003e14   0x00000020   Data   RO          376    Region$$Table       anon$$obj.o


    Execution Region RW_IRAM1 (Base: 0x20000000, Size: 0x00000a90, Max: 0x00005000, ABSOLUTE, COMPRESSED[0x000002ec])

    Base Addr    Size         Type   Attr      Idx    E Section Name        Object

    0x20000000   0x00000014   Data   RW          115    .data               system_stm32f10x.o
    0x20000014   0x00000590   Data   RW          146    .data               oled.o
    0x200005a4   0x00000004   Data   RW          194    .data               delay.o
    0x200005a8   0x00000006   Data   RW          221    .data               usart.o
    0x200005ae   0x00000014   Data   RW          273    .data               stm32f10x_rcc.o
    0x200005c2   0x00000002   PAD
    0x200005c4   0x000000c8   Zero   RW          220    .bss                usart.o
    0x2000068c   0x00000004   PAD
    0x20000690   0x00000400   Zero   RW          253    STACK               startup_stm32f10x_md.o


==============================================================================

Image component sizes


      Code (inc. data)   RO Data    RW Data    ZI Data      Debug   Object Name

         0          0          0          0          0         32   core_cm3.o
       212         18          0          4          0        991   delay.o
       416         12          0          0          0       1475   encoder.o
        84          6          0          0          0        670   led.o
       172          6          0          0          0     231583   main.o
       220         22          0          0          0       1769   misc.o
       132          6          0          0          0        932   moto.o
      3404         42       2072       1424          0      10298   oled.o
        36          8        236          0       1024        768   startup_stm32f10x_md.o
       860         38          0          0          0       5617   stm32f10x_gpio.o
        26          0          0          0          0       1166   stm32f10x_it.o
       932         36          0         20          0       8776   stm32f10x_rcc.o
      3610         88          0          0          0      22100   stm32f10x_tim.o
      1032         22          0          0          0       8340   stm32f10x_usart.o
        12          0          0          0          0        437   sys.o
       480         38          0         20          0       1695   system_stm32f10x.o
       384         12          0          0          0      21858   timer.o
       328         18          0          6        200       3118   usart.o

    ----------------------------------------------------------------------
     12344        372       2340       1476       1228     321625   Object Totals
         0          0         32          0          0          0   (incl. Generated)
         4          0          0          2          4          0   (incl. Padding)

    ----------------------------------------------------------------------

      Code (inc. data)   RO Data    RW Data    ZI Data      Debug   Library Member Name

        86          0          0          0          0          0   __dczerorl2.o
         0          0          0          0          0          0   entry.o
         0          0          0          0          0          0   entry10a.o
         0          0          0          0          0          0   entry11a.o
         8          4          0          0          0          0   entry2.o
         4          0          0          0          0          0   entry5.o
         0          0          0          0          0          0   entry7b.o
         0          0          0          0          0          0   entry8b.o
         8          4          0          0          0          0   entry9a.o
        30          0          0          0          0          0   handlers.o
        36          8          0          0          0         68   init.o
         0          0          0          0          0          0   iusefp.o
        30          0          0          0          0         68   llshl.o
        36          0          0          0          0         68   llsshr.o
        32          0          0          0          0         68   llushr.o
        48          0          0          0          0         68   cdcmple.o
       334          0          0          0          0        148   dadd.o
       186          0          0          0          0        176   depilogue.o
        62          0          0          0          0         80   dfixi.o
        50          0          0          0          0         76   dfixui.o
        34          0          0          0          0         76   dflti.o
        26          0          0          0          0         76   dfltui.o
       228          0          0          0          0         96   dmul.o

    ----------------------------------------------------------------------
      1240         16          0          0          0       1068   Library Totals
         2          0          0          0          0          0   (incl. Padding)

    ----------------------------------------------------------------------

      Code (inc. data)   RO Data    RW Data    ZI Data      Debug   Library Name

       270         16          0          0          0        272   mc_w.l
       968          0          0          0          0        796   mf_w.l

    ----------------------------------------------------------------------
      1240         16          0          0          0       1068   Library Totals

    ----------------------------------------------------------------------

==============================================================================


      Code (inc. data)   RO Data    RW Data    ZI Data      Debug   

     13584        388       2340       1476       1228     321157   Grand Totals
     13584        388       2340        748       1228     321157   ELF Image Totals (compressed)
     13584        388       2340        748          0          0   ROM Totals

==============================================================================

    Total RO  Size (Code + RO Data)                15924 (  15.55kB)
    Total RW  Size (RW Data + ZI Data)              2704 (   2.64kB)
    Total ROM Size (Code + RO Data + RW Data)      16672 (  16.28kB)

==============================================================================

